========================================
IO500 debug run
========================================
Job ID:             510139
Node:               cpu0608
MPI ranks:          4
Repository:         /home/alembhe/io500/source/io500
Lustre data:        /lustre/project/ki-mawahpc/ashutoshio500/io500-debug-510139
Results directory:  /home/alembhe/io500/results/io500-debug-510139
Configuration:      /home/alembhe/io500/config/io500-debug-510139.ini
========================================

ERROR INVALID (src/main.c:394) PAUSING BETWEEN RUNS ACTIVATED
IO500 version io500-isc26_v2-26-g02091cf254d8 (standard)
ERROR INVALID (src/phase_dbg.c:15) stonewall-time 1s != 300s
ERROR INVALID (src/main.c:490) Runtime is smaller than expected minimum runtime
[RESULT]       ior-easy-write        1.121975 GiB/s : time 3.472 seconds [INVALID]
ERROR INVALID (src/main.c:490) Runtime is smaller than expected minimum runtime
[RESULT]    mdtest-easy-write        9.045384 kIOPS : time 2.572 seconds [INVALID]
[      ]            timestamp        0.000000 kIOPS : time 0.001 seconds
ERROR INVALID (src/main.c:490) Runtime is smaller than expected minimum runtime
[RESULT]       ior-hard-write        0.237439 GiB/s : time 7.476 seconds [INVALID]
ERROR INVALID (src/main.c:490) Runtime is smaller than expected minimum runtime
[RESULT]    mdtest-hard-write        0.008727 kIOPS : time 40.882 seconds [INVALID]
ERROR INVALID (src/phase_find.c:80) Find didn't find anything, this is likely invalid.
[RESULT]                 find      532.786023 kIOPS : time 0.030 seconds [INVALID]
[RESULT]        ior-easy-read        3.944872 GiB/s : time 0.994 seconds
[RESULT]     mdtest-easy-stat       17.632934 kIOPS : time 1.813 seconds
[RESULT]        ior-hard-read        0.198937 GiB/s : time 8.922 seconds
[RESULT]     mdtest-hard-stat       18.184758 kIOPS : time 1.028 seconds
[RESULT]   mdtest-easy-delete       12.844885 kIOPS : time 2.113 seconds
[RESULT]     mdtest-hard-read        0.802801 kIOPS : time 1.442 seconds
[RESULT]   mdtest-hard-delete        3.808109 kIOPS : time 1.099 seconds
[      ]  ior-rnd4K-easy-read        0.001017 GiB/s : time 1.809 seconds
[SCORE ] Bandwidth 0.676193 GiB/s : IOPS 5.193889 kiops : TOTAL 1.874052 [INVALID]

The result files are stored in the directory: /home/alembhe/io500/results/io500-debug-510139

IO500 return code: 0
Results stored in: /home/alembhe/io500/results/io500-debug-510139
Test data stored in: /lustre/project/ki-mawahpc/ashutoshio500/io500-debug-510139
