========================================
IO500 debug run
========================================
Job ID:             510144
Node:               cpu0608
MPI ranks:          1
Repository:         /home/alembhe/io500/source/io500
Lustre data:        /lustre/project/ki-mawahpc/ashutoshio500/io500-1ranks-510144
Results directory:  /home/alembhe/io500/results/io500-1ranks-510144
Configuration:      /home/alembhe/io500/config/io500-1ranks-510144.ini
========================================

IO500 version io500-isc26_v2-26-g02091cf254d8 (standard)
ERROR INVALID (src/phase_dbg.c:15) stonewall-time 30s != 300s
ERROR INVALID (src/main.c:490) Runtime is smaller than expected minimum runtime
[RESULT]       ior-easy-write        0.000062 GiB/s : time 62.645 seconds [INVALID]
ERROR INVALID (src/main.c:490) Runtime is smaller than expected minimum runtime
[RESULT]    mdtest-easy-write        2.243547 kIOPS : time 53.768 seconds [INVALID]
[      ]            timestamp        0.000000 kIOPS : time 0.002 seconds
ERROR INVALID (src/main.c:490) Runtime is smaller than expected minimum runtime
[RESULT]       ior-hard-write        0.188876 GiB/s : time 34.289 seconds [INVALID]
ERROR INVALID (src/main.c:490) Runtime is smaller than expected minimum runtime
[RESULT]    mdtest-hard-write        0.000138 kIOPS : time 73.356 seconds [INVALID]
ERROR INVALID (src/phase_find.c:80) Find didn't find anything, this is likely invalid.
[RESULT]                 find       87.041958 kIOPS : time 1.364 seconds [INVALID]
[RESULT]        ior-easy-read        0.048405 GiB/s : time 0.089 seconds
[RESULT]     mdtest-easy-stat        4.091454 kIOPS : time 29.962 seconds
[RESULT]        ior-hard-read        1.705709 GiB/s : time 3.804 seconds
[RESULT]     mdtest-hard-stat        3.155747 kIOPS : time 1.013 seconds
[RESULT]   mdtest-easy-delete        3.229492 kIOPS : time 37.660 seconds
[RESULT]     mdtest-hard-read        0.101927 kIOPS : time 1.108 seconds
[RESULT]   mdtest-hard-delete        4.831034 kIOPS : time 1.013 seconds
[      ]  ior-rnd4K-easy-read        1.755409 GiB/s : time 21.746 seconds
[SCORE ] Bandwidth 0.031404 GiB/s : IOPS 0.928885 kiops : TOTAL 0.170794 [INVALID]

The result files are stored in the directory: /home/alembhe/io500/results/io500-1ranks-510144

IO500 return code: 0
Results stored in: /home/alembhe/io500/results/io500-1ranks-510144
Test data stored in: /lustre/project/ki-mawahpc/ashutoshio500/io500-1ranks-510144
