======================================
NPB OpenMP Class A
Job ID: 480234
Node: cpu0627
Slurm tasks: 1
OpenMP threads: 1
Working directory: /fshpc/alembhe/ashutoshbenchmarks/NAS_PARALLEL_BENCHMARK/NPB3.4.4/NPB3.4-OMP
======================================

Running ep.A.x
OpenMP threads: 1


 NAS Parallel Benchmarks (NPB3.4-OMP) - EP Benchmark

 Number of random numbers generated:       536870912
 Number of available threads:                      1

EP Benchmark Results:

CPU Time =     9.827
N = 2^   28
No. Gaussian Pairs =     210832767.
Sums =     1.682235632303074D+08    1.682195123368240D+08
Counts:
  0      98257395.
  1      93827014.
  2      17611549.
  3       1110028.
  4         26536.
  5           245.
  6             0.
  7             0.
  8             0.
  9             0.


 EP Benchmark Completed.
 Class           =                        A
 Size            =                536870912
 Iterations      =                        0
 Time in seconds =                     9.83
 Total threads   =                        1
 Avail threads   =                        1
 Mop/s total     =                    54.63
 Mop/s/thread    =                    54.63
 Operation type  = Random numbers generated
 Verification    =               SUCCESSFUL
 Version         =                    3.4.4
 Compile date    =              23 Jul 2026

 Compile options:
    FC           = gfortran
    FLINK        = $(FC)
    F_LIB        = (none)
    F_INC        = (none)
    FFLAGS       = -O3 -fopenmp
    FLINKFLAGS   = $(FFLAGS)
    RAND         = randi8


 Please send all errors/feedbacks to:

 NPB Development Team
 npb@nas.nasa.gov



Running cg.A.x
OpenMP threads: 1


 NAS Parallel Benchmarks (NPB3.4-OMP) - CG Benchmark

 Size:       14000
 Iterations:                     15
 Number of available threads:     1

 Initialization time =           0.292 seconds

   iteration           ||r||                 zeta
        1       0.26065081214763E-12    19.9997581277040
        5       0.25110613524700E-14    17.1302338856353
       10       0.24771507610856E-14    17.1302350540284
       15       0.24296673223448E-14    17.1302350540299
 Benchmark completed 
 VERIFICATION SUCCESSFUL 
 Zeta is     0.1713023505403E+02
 Error is    0.5122640033228E-13


 CG Benchmark Completed.
 Class           =                        A
 Size            =                    14000
 Iterations      =                       15
 Time in seconds =                     0.64
 Total threads   =                        1
 Avail threads   =                        1
 Mop/s total     =                  2330.43
 Mop/s/thread    =                  2330.43
 Operation type  =           floating point
 Verification    =               SUCCESSFUL
 Version         =                    3.4.4
 Compile date    =              23 Jul 2026

 Compile options:
    FC           = gfortran
    FLINK        = $(FC)
    F_LIB        = (none)
    F_INC        = (none)
    FFLAGS       = -O3 -fopenmp
    FLINKFLAGS   = $(FFLAGS)
    RAND         = randi8


 Please send all errors/feedbacks to:

 NPB Development Team
 npb@nas.nasa.gov



Running ft.A.x
OpenMP threads: 1


 NAS Parallel Benchmarks (NPB3.4-OMP) - FT Benchmark

 Size                :  256x 256x 128
 Iterations                  :      6
 Number of available threads :      1

 T =    1     Checksum =    5.046735008193D+02    5.114047905510D+02
 T =    2     Checksum =    5.059412319734D+02    5.098809666433D+02
 T =    3     Checksum =    5.069376896287D+02    5.098144042213D+02
 T =    4     Checksum =    5.077892868474D+02    5.101336130759D+02
 T =    5     Checksum =    5.085233095391D+02    5.104914655194D+02
 T =    6     Checksum =    5.091487099959D+02    5.107917842803D+02
 Result verification successful
 class = A


 FT Benchmark Completed.
 Class           =                        A
 Size            =            256x 256x 128
 Iterations      =                        6
 Time in seconds =                     1.56
 Total threads   =                        1
 Avail threads   =                        1
 Mop/s total     =                  4570.88
 Mop/s/thread    =                  4570.88
 Operation type  =           floating point
 Verification    =               SUCCESSFUL
 Version         =                    3.4.4
 Compile date    =              23 Jul 2026

 Compile options:
    FC           = gfortran
    FLINK        = $(FC)
    F_LIB        = (none)
    F_INC        = (none)
    FFLAGS       = -O3 -fopenmp
    FLINKFLAGS   = $(FFLAGS)
    RAND         = randi8


 Please send all errors/feedbacks to:

 NPB Development Team
 npb@nas.nasa.gov



Running mg.A.x
OpenMP threads: 1


 NAS Parallel Benchmarks (NPB3.4-OMP) - MG Benchmark

 No input file. Using compiled defaults 
 Size:  256x 256x 256  (class A)
 Iterations:                      4
 Number of available threads:     1

 Initialization time:           0.327 seconds

  iter   1
  iter   4

 Benchmark completed 
 VERIFICATION SUCCESSFUL 
 L2 Norm is  0.2433365309069E-05
 Error is    0.1133036717930E-12


 MG Benchmark Completed.
 Class           =                        A
 Size            =            256x 256x 256
 Iterations      =                        4
 Time in seconds =                     0.56
 Total threads   =                        1
 Avail threads   =                        1
 Mop/s total     =                  6941.86
 Mop/s/thread    =                  6941.86
 Operation type  =           floating point
 Verification    =               SUCCESSFUL
 Version         =                    3.4.4
 Compile date    =              23 Jul 2026

 Compile options:
    FC           = gfortran
    FLINK        = $(FC)
    F_LIB        = (none)
    F_INC        = (none)
    FFLAGS       = -O3 -fopenmp
    FLINKFLAGS   = $(FFLAGS)
    RAND         = randi8


 Please send all errors/feedbacks to:

 NPB Development Team
 npb@nas.nasa.gov



Running is.A.x
OpenMP threads: 1


 NAS Parallel Benchmarks (NPB3.4-OMP) - IS Benchmark

 Size:  8388608  (class A)
 Iterations:  10
 Number of available threads:  1


   iteration
        1
        2
        3
        4
        5
        6
        7
        8
        9
        10


 IS Benchmark Completed
 Class           =                        A
 Size            =                  8388608
 Iterations      =                       10
 Time in seconds =                     0.37
 Total threads   =                        1
 Avail threads   =                        1
 Mop/s total     =                   225.71
 Mop/s/thread    =                   225.71
 Operation type  =              keys ranked
 Verification    =               SUCCESSFUL
 Version         =                    3.4.4
 Compile date    =              23 Jul 2026

 Compile options:
    CC           = gcc
    CLINK        = $(CC)
    C_LIB        = -lm
    C_INC        = (none)
    CFLAGS       = -O3 -fopenmp
    CLINKFLAGS   = $(CFLAGS)


 Please send all errors/feedbacks to:

 NPB Development Team
 npb@nas.nasa.gov



Running bt.A.x
OpenMP threads: 1


 NAS Parallel Benchmarks (NPB3.4-OMP) - BT Benchmark

 No input file inputbt.data. Using compiled defaults
 Size:   64x  64x  64
 Iterations:  200       dt:   0.0008000
 Number of available threads:     1

 Time step    1
 Time step   20
 Time step   40
 Time step   60
 Time step   80
 Time step  100
 Time step  120
 Time step  140
 Time step  160
 Time step  180
 Time step  200
 Verification being performed for class A
 accuracy setting for epsilon =  0.1000000000000E-07
 Comparison of RMS-norms of residual
           1 0.1080634671464E+03 0.1080634671464E+03 0.7495768367948E-14
           2 0.1131973090122E+02 0.1131973090122E+02 0.4707771381408E-14
           3 0.2597435451158E+02 0.2597435451158E+02 0.5744665356095E-14
           4 0.2366562254468E+02 0.2366562254468E+02 0.1140921769876E-13
           5 0.2527896321175E+03 0.2527896321175E+03 0.1191781947063E-13
 Comparison of RMS-norms of solution error
           1 0.4234841604053E+01 0.4234841604053E+01 0.2097312019534E-15
           2 0.4439028249700E+00 0.4439028249700E+00 0.0000000000000E+00
           3 0.9669248013635E+00 0.9669248013635E+00 0.2296399933190E-15
           4 0.8830206303977E+00 0.8830206303977E+00 0.0000000000000E+00
           5 0.9737990177083E+01 0.9737990177083E+01 0.1824151397873E-15
 Verification Successful


 BT Benchmark Completed.
 Class           =                        A
 Size            =             64x  64x  64
 Iterations      =                      200
 Time in seconds =                    34.63
 Total threads   =                        1
 Avail threads   =                        1
 Mop/s total     =                  4860.13
 Mop/s/thread    =                  4860.13
 Operation type  =           floating point
 Verification    =               SUCCESSFUL
 Version         =                    3.4.4
 Compile date    =              23 Jul 2026

 Compile options:
    FC           = gfortran
    FLINK        = $(FC)
    F_LIB        = (none)
    F_INC        = (none)
    FFLAGS       = -O3 -fopenmp
    FLINKFLAGS   = $(FFLAGS)
    RAND         = (none)


 Please send all errors/feedbacks to:

 NPB Development Team
 npb@nas.nasa.gov



Running sp.A.x
OpenMP threads: 1


 NAS Parallel Benchmarks (NPB3.4-OMP) - SP Benchmark

 No input file inputsp.data. Using compiled defaults
 Size:   64x  64x  64
 Iterations:  400    dt:    0.0015000
 Number of available threads:     1

 Time step    1
 Time step   20
 Time step   40
 Time step   60
 Time step   80
 Time step  100
 Time step  120
 Time step  140
 Time step  160
 Time step  180
 Time step  200
 Time step  220
 Time step  240
 Time step  260
 Time step  280
 Time step  300
 Time step  320
 Time step  340
 Time step  360
 Time step  380
 Time step  400
 Verification being performed for class A
 accuracy setting for epsilon =  0.1000000000000E-07
 Comparison of RMS-norms of residual
           1 0.2479982239930E+01 0.2479982239930E+01 0.3778366706409E-13
           2 0.1127633796437E+01 0.1127633796437E+01 0.9373010305144E-13
           3 0.1502897788877E+01 0.1502897788877E+01 0.3782254474090E-13
           4 0.1421781621170E+01 0.1421781621170E+01 0.7730588003204E-13
           5 0.2129211303514E+01 0.2129211303514E+01 0.4004540467660E-13
 Comparison of RMS-norms of solution error
           1 0.1090014029782E-03 0.1090014029782E-03 0.4248476077097E-12
           2 0.3734395176929E-04 0.3734395176928E-04 0.1232082506402E-12
           3 0.5009278540654E-04 0.5009278540654E-04 0.1609763480393E-13
           4 0.4767109393954E-04 0.4767109393953E-04 0.2321247009135E-12
           5 0.1362161339921E-03 0.1362161339921E-03 0.5133829457335E-13
 Verification Successful


 SP Benchmark Completed.
 Class           =                        A
 Size            =             64x  64x  64
 Iterations      =                      400
 Time in seconds =                    15.95
 Total threads   =                        1
 Avail threads   =                        1
 Mop/s total     =                  5329.90
 Mop/s/thread    =                  5329.90
 Operation type  =           floating point
 Verification    =               SUCCESSFUL
 Version         =                    3.4.4
 Compile date    =              23 Jul 2026

 Compile options:
    FC           = gfortran
    FLINK        = $(FC)
    F_LIB        = (none)
    F_INC        = (none)
    FFLAGS       = -O3 -fopenmp
    FLINKFLAGS   = $(FFLAGS)
    RAND         = (none)


 Please send all errors/feedbacks to:

 NPB Development Team
 npb@nas.nasa.gov



Running lu.A.x
OpenMP threads: 1


 NAS Parallel Benchmarks (NPB3.4-OMP) - LU Benchmark

 Size:   64x  64x  64
 Iterations:                    250
 Number of available threads:     1

 Time step    1
 Time step   20
 Time step   40
 Time step   60
 Time step   80
 Time step  100
 Time step  120
 Time step  140
 Time step  160
 Time step  180
 Time step  200
 Time step  220
 Time step  240
 Time step  250

 Verification being performed for class A
 Accuracy setting for epsilon =  0.1000000000000E-07
 Comparison of RMS-norms of residual
           1   0.7790210760669E+03 0.7790210760669E+03 0.1021548567170E-14
           2   0.6340276525969E+02 0.6340276525969E+02 0.6724085924484E-15
           3   0.1949924972729E+03 0.1949924972729E+03 0.1020305749171E-14
           4   0.1784530116042E+03 0.1784530116042E+03 0.1433404696139E-14
           5   0.1838476034946E+04 0.1838476034946E+04 0.1236750825799E-15
 Comparison of RMS-norms of solution error
           1   0.2996408568547E+02 0.2996408568547E+02 0.0000000000000E+00
           2   0.2819457636500E+01 0.2819457636500E+01 0.0000000000000E+00
           3   0.7347341269877E+01 0.7347341269877E+01 0.0000000000000E+00
           4   0.6713922568778E+01 0.6713922568778E+01 0.0000000000000E+00
           5   0.7071531568839E+02 0.7071531568839E+02 0.2009586548100E-15
 Comparison of surface integral
               0.2603092560489E+02 0.2603092560489E+02 0.4094414927144E-15
 Verification Successful


 LU Benchmark Completed.
 Class           =                        A
 Size            =             64x  64x  64
 Iterations      =                      250
 Time in seconds =                    18.06
 Total threads   =                        1
 Avail threads   =                        1
 Mop/s total     =                  6607.08
 Mop/s/thread    =                  6607.08
 Operation type  =           floating point
 Verification    =               SUCCESSFUL
 Version         =                    3.4.4
 Compile date    =              23 Jul 2026

 Compile options:
    FC           = gfortran
    FLINK        = $(FC)
    F_LIB        = (none)
    F_INC        = (none)
    FFLAGS       = -O3 -fopenmp
    FLINKFLAGS   = $(FFLAGS)
    RAND         = (none)


 Please send all errors/feedbacks to:

 NPB Development Team
 npb@nas.nasa.gov



All OpenMP Class A benchmarks finished.
