======================================
NPB OpenMP Class C
Job ID: 480250
Node: cpu0667
Slurm tasks: 1
OpenMP threads: 128
Working directory: /fshpc/alembhe/ashutoshbenchmarks/NAS_PARALLEL_BENCHMARK/NPB3.4.4/NPB3.4-OMP
======================================

Running ep.C.x
OpenMP threads: 128


 NAS Parallel Benchmarks (NPB3.4-OMP) - EP Benchmark

 Number of random numbers generated:      8589934592
 Number of available threads:                    128

EP Benchmark Results:

CPU Time =     1.459
N = 2^   32
No. Gaussian Pairs =    3373275903.
Sums =     2.691444083862948D+09    2.691519118724634D+09
Counts:
  0    1572172634.
  1    1501108549.
  2     281805648.
  3      17761221.
  4        424017.
  5          3821.
  6            13.
  7             0.
  8             0.
  9             0.


 EP Benchmark Completed.
 Class           =                        C
 Size            =               8589934592
 Iterations      =                        0
 Time in seconds =                     1.46
 Total threads   =                      128
 Avail threads   =                      128
 Mop/s total     =                  5886.34
 Mop/s/thread    =                    45.99
 Operation type  = Random numbers generated
 Verification    =               SUCCESSFUL
 Version         =                    3.4.4
 Compile date    =              23 Jul 2026

 Compile options:
    FC           = gfortran
    FLINK        = $(FC)
    F_LIB        = (none)
    F_INC        = (none)
    FFLAGS       = -O3 -fopenmp
    FLINKFLAGS   = $(FFLAGS)
    RAND         = randi8


 Please send all errors/feedbacks to:

 NPB Development Team
 npb@nas.nasa.gov



Running cg.C.x
OpenMP threads: 128


 NAS Parallel Benchmarks (NPB3.4-OMP) - CG Benchmark

 Size:      150000
 Iterations:                     75
 Number of available threads:   128

 Initialization time =           0.252 seconds

   iteration           ||r||                 zeta
        1       0.35328521286965E-12   109.9994423237398
        5       0.89238602223000E-15    28.6471670038896
       10       0.91217499428964E-15    28.9496695448999
       15       0.90599657360278E-15    28.9716336228372
       20       0.91728365712632E-15    28.9734210663749
       25       0.90767841344943E-15    28.9735863059384
       30       0.90855416069351E-15    28.9736033967631
       35       0.91019869127349E-15    28.9736053266248
       40       0.90593038774859E-15    28.9736055590699
       45       0.90901336982151E-15    28.9736055884128
       50       0.90899003294007E-15    28.9736055922484
       55       0.90365192113013E-15    28.9736055927634
       60       0.90857419953192E-15    28.9736055928340
       65       0.90779888734443E-15    28.9736055928439
       70       0.90281665084014E-15    28.9736055928453
       75       0.90256666553399E-15    28.9736055928455
 Benchmark completed 
 VERIFICATION SUCCESSFUL 
 Zeta is     0.2897360559285E+02
 Error is    0.1728927478859E-13


 CG Benchmark Completed.
 Class           =                        C
 Size            =                   150000
 Iterations      =                       75
 Time in seconds =                     1.50
 Total threads   =                      128
 Avail threads   =                      128
 Mop/s total     =                 95255.06
 Mop/s/thread    =                   744.18
 Operation type  =           floating point
 Verification    =               SUCCESSFUL
 Version         =                    3.4.4
 Compile date    =              23 Jul 2026

 Compile options:
    FC           = gfortran
    FLINK        = $(FC)
    F_LIB        = (none)
    F_INC        = (none)
    FFLAGS       = -O3 -fopenmp
    FLINKFLAGS   = $(FFLAGS)
    RAND         = randi8


 Please send all errors/feedbacks to:

 NPB Development Team
 npb@nas.nasa.gov



Running ft.C.x
OpenMP threads: 128


 NAS Parallel Benchmarks (NPB3.4-OMP) - FT Benchmark

 Size                :  512x 512x 512
 Iterations                  :     20
 Number of available threads :    128

 T =    1     Checksum =    5.195078707457D+02    5.149019699238D+02
 T =    2     Checksum =    5.155422171134D+02    5.127578201997D+02
 T =    3     Checksum =    5.144678022222D+02    5.122251847514D+02
 T =    4     Checksum =    5.140150594328D+02    5.121090289018D+02
 T =    5     Checksum =    5.137550426810D+02    5.121143685824D+02
 T =    6     Checksum =    5.135811056728D+02    5.121496764568D+02
 T =    7     Checksum =    5.134569343165D+02    5.121870921893D+02
 T =    8     Checksum =    5.133651975661D+02    5.122193250322D+02
 T =    9     Checksum =    5.132955192805D+02    5.122454735794D+02
 T =   10     Checksum =    5.132410471738D+02    5.122663649603D+02
 T =   11     Checksum =    5.131971141679D+02    5.122830879827D+02
 T =   12     Checksum =    5.131605205716D+02    5.122965869718D+02
 T =   13     Checksum =    5.131290734194D+02    5.123075927445D+02
 T =   14     Checksum =    5.131012720314D+02    5.123166486553D+02
 T =   15     Checksum =    5.130760908195D+02    5.123241541685D+02
 T =   16     Checksum =    5.130528295923D+02    5.123304037599D+02
 T =   17     Checksum =    5.130310107773D+02    5.123356167976D+02
 T =   18     Checksum =    5.130103090133D+02    5.123399592211D+02
 T =   19     Checksum =    5.129905029333D+02    5.123435588985D+02
 T =   20     Checksum =    5.129714421109D+02    5.123465164008D+02
 Result verification successful
 class = C


 FT Benchmark Completed.
 Class           =                        C
 Size            =            512x 512x 512
 Iterations      =                       20
 Time in seconds =                     2.13
 Total threads   =                      128
 Avail threads   =                      128
 Mop/s total     =                186398.39
 Mop/s/thread    =                  1456.24
 Operation type  =           floating point
 Verification    =               SUCCESSFUL
 Version         =                    3.4.4
 Compile date    =              23 Jul 2026

 Compile options:
    FC           = gfortran
    FLINK        = $(FC)
    F_LIB        = (none)
    F_INC        = (none)
    FFLAGS       = -O3 -fopenmp
    FLINKFLAGS   = $(FFLAGS)
    RAND         = randi8


 Please send all errors/feedbacks to:

 NPB Development Team
 npb@nas.nasa.gov



Running mg.C.x
OpenMP threads: 128


 NAS Parallel Benchmarks (NPB3.4-OMP) - MG Benchmark

 No input file. Using compiled defaults 
 Size:  512x 512x 512  (class C)
 Iterations:                     20
 Number of available threads:   128

 Initialization time:           0.182 seconds

  iter   1
  iter   5
  iter  10
  iter  15
  iter  20

 Benchmark completed 
 VERIFICATION SUCCESSFUL 
 L2 Norm is  0.5706732285740E-06
 Error is    0.6809086971258E-13


 MG Benchmark Completed.
 Class           =                        C
 Size            =            512x 512x 512
 Iterations      =                       20
 Time in seconds =                     1.51
 Total threads   =                      128
 Avail threads   =                      128
 Mop/s total     =                102851.00
 Mop/s/thread    =                   803.52
 Operation type  =           floating point
 Verification    =               SUCCESSFUL
 Version         =                    3.4.4
 Compile date    =              23 Jul 2026

 Compile options:
    FC           = gfortran
    FLINK        = $(FC)
    F_LIB        = (none)
    F_INC        = (none)
    FFLAGS       = -O3 -fopenmp
    FLINKFLAGS   = $(FFLAGS)
    RAND         = randi8


 Please send all errors/feedbacks to:

 NPB Development Team
 npb@nas.nasa.gov



Running is.C.x
OpenMP threads: 128


 NAS Parallel Benchmarks (NPB3.4-OMP) - IS Benchmark

 Size:  134217728  (class C)
 Iterations:  10
 Number of available threads:  128


   iteration
        1
        2
        3
        4
        5
        6
        7
        8
        9
        10


 IS Benchmark Completed
 Class           =                        C
 Size            =                134217728
 Iterations      =                       10
 Time in seconds =                     0.29
 Total threads   =                      128
 Avail threads   =                      128
 Mop/s total     =                  4657.19
 Mop/s/thread    =                    36.38
 Operation type  =              keys ranked
 Verification    =               SUCCESSFUL
 Version         =                    3.4.4
 Compile date    =              23 Jul 2026

 Compile options:
    CC           = gcc
    CLINK        = $(CC)
    C_LIB        = -lm
    C_INC        = (none)
    CFLAGS       = -O3 -fopenmp
    CLINKFLAGS   = $(CFLAGS)


 Please send all errors/feedbacks to:

 NPB Development Team
 npb@nas.nasa.gov



Running bt.C.x
OpenMP threads: 128


 NAS Parallel Benchmarks (NPB3.4-OMP) - BT Benchmark

 No input file inputbt.data. Using compiled defaults
 Size:  162x 162x 162
 Iterations:  200       dt:   0.0001000
 Number of available threads:   128

 Time step    1
 Time step   20
 Time step   40
 Time step   60
 Time step   80
 Time step  100
 Time step  120
 Time step  140
 Time step  160
 Time step  180
 Time step  200
 Verification being performed for class C
 accuracy setting for epsilon =  0.1000000000000E-07
 Comparison of RMS-norms of residual
           1 0.6239811655176E+04 0.6239811655176E+04 0.1166054043979E-14
           2 0.5079323919042E+03 0.5079323919042E+03 0.5595569387463E-15
           3 0.1542353009301E+04 0.1542353009301E+04 0.2948399932726E-15
           4 0.1330238792929E+04 0.1330238792929E+04 0.0000000000000E+00
           5 0.1160408742844E+05 0.1160408742844E+05 0.7837709836141E-15
 Comparison of RMS-norms of solution error
           1 0.1646200836909E+03 0.1646200836909E+03 0.1726503157644E-15
           2 0.1149710790382E+02 0.1149710790382E+02 0.0000000000000E+00
           3 0.4120744620746E+02 0.4120744620746E+02 0.6897226604947E-15
           4 0.3708765105969E+02 0.3708765105969E+02 0.7663388922814E-15
           5 0.3621105305184E+03 0.3621105305184E+03 0.1883737060486E-14
 Verification Successful


 BT Benchmark Completed.
 Class           =                        C
 Size            =            162x 162x 162
 Iterations      =                      200
 Time in seconds =                     8.54
 Total threads   =                      128
 Avail threads   =                      128
 Mop/s total     =                335734.56
 Mop/s/thread    =                  2622.93
 Operation type  =           floating point
 Verification    =               SUCCESSFUL
 Version         =                    3.4.4
 Compile date    =              23 Jul 2026

 Compile options:
    FC           = gfortran
    FLINK        = $(FC)
    F_LIB        = (none)
    F_INC        = (none)
    FFLAGS       = -O3 -fopenmp
    FLINKFLAGS   = $(FFLAGS)
    RAND         = (none)


 Please send all errors/feedbacks to:

 NPB Development Team
 npb@nas.nasa.gov



Running sp.C.x
OpenMP threads: 128


 NAS Parallel Benchmarks (NPB3.4-OMP) - SP Benchmark

 No input file inputsp.data. Using compiled defaults
 Size:  162x 162x 162
 Iterations:  400    dt:    0.0006700
 Number of available threads:   128

 Time step    1
 Time step   20
 Time step   40
 Time step   60
 Time step   80
 Time step  100
 Time step  120
 Time step  140
 Time step  160
 Time step  180
 Time step  200
 Time step  220
 Time step  240
 Time step  260
 Time step  280
 Time step  300
 Time step  320
 Time step  340
 Time step  360
 Time step  380
 Time step  400
 Verification being performed for class C
 accuracy setting for epsilon =  0.1000000000000E-07
 Comparison of RMS-norms of residual
           1 0.5881691581829E+03 0.5881691581829E+03 0.7035732553287E-13
           2 0.2454417603569E+03 0.2454417603569E+03 0.4550868519647E-13
           3 0.3293829191851E+03 0.3293829191851E+03 0.3486024909334E-13
           4 0.3081924971891E+03 0.3081924971891E+03 0.1357487825406E-12
           5 0.4597223799176E+03 0.4597223799176E+03 0.3857794934358E-13
 Comparison of RMS-norms of solution error
           1 0.2598120500183E+00 0.2598120500183E+00 0.1495612149596E-13
           2 0.2590888922315E-01 0.2590888922315E-01 0.1701990015069E-12
           3 0.5132886416320E-01 0.5132886416320E-01 0.3920365792111E-13
           4 0.4806073419454E-01 0.4806073419454E-01 0.7218880464685E-14
           5 0.5483377491301E+00 0.5483377491301E+00 0.7187708202968E-13
 Verification Successful


 SP Benchmark Completed.
 Class           =                        C
 Size            =            162x 162x 162
 Iterations      =                      400
 Time in seconds =                     6.92
 Total threads   =                      128
 Avail threads   =                      128
 Mop/s total     =                209471.11
 Mop/s/thread    =                  1636.49
 Operation type  =           floating point
 Verification    =               SUCCESSFUL
 Version         =                    3.4.4
 Compile date    =              23 Jul 2026

 Compile options:
    FC           = gfortran
    FLINK        = $(FC)
    F_LIB        = (none)
    F_INC        = (none)
    FFLAGS       = -O3 -fopenmp
    FLINKFLAGS   = $(FFLAGS)
    RAND         = (none)


 Please send all errors/feedbacks to:

 NPB Development Team
 npb@nas.nasa.gov



Running lu.C.x
OpenMP threads: 128


 NAS Parallel Benchmarks (NPB3.4-OMP) - LU Benchmark

 Size:  162x 162x 162
 Iterations:                    250
 Number of available threads:   128

 Time step    1
 Time step   20
 Time step   40
 Time step   60
 Time step   80
 Time step  100
 Time step  120
 Time step  140
 Time step  160
 Time step  180
 Time step  200
 Time step  220
 Time step  240
 Time step  250

 Verification being performed for class C
 Accuracy setting for epsilon =  0.1000000000000E-07
 Comparison of RMS-norms of residual
           1   0.1037669803235E+05 0.1037669803235E+05 0.3505911799446E-15
           2   0.8922124588010E+03 0.8922124588010E+03 0.1274212622792E-14
           3   0.2562388145827E+04 0.2562388145827E+04 0.7098805099097E-15
           4   0.2191943438578E+04 0.2191943438578E+04 0.2074630863566E-15
           5   0.1780780572611E+05 0.1780780572611E+05 0.1430038716803E-14
 Comparison of RMS-norms of solution error
           1   0.2159863997169E+03 0.2159863997169E+03 0.1315902735897E-15
           2   0.1557895592399E+02 0.1557895592399E+02 0.7981598982931E-15
           3   0.5413188630772E+02 0.5413188630772E+02 0.1443875435807E-14
           4   0.4822626431540E+02 0.4822626431540E+02 0.1473352219681E-15
           5   0.4559029100433E+03 0.4559029100433E+03 0.1870247511320E-14
 Comparison of surface integral
               0.6664045535722E+02 0.6664045535722E+02 0.1066233314210E-14
 Verification Successful


 LU Benchmark Completed.
 Class           =                        C
 Size            =            162x 162x 162
 Iterations      =                      250
 Time in seconds =                    15.11
 Total threads   =                      128
 Avail threads   =                      128
 Mop/s total     =                134910.31
 Mop/s/thread    =                  1053.99
 Operation type  =           floating point
 Verification    =               SUCCESSFUL
 Version         =                    3.4.4
 Compile date    =              23 Jul 2026

 Compile options:
    FC           = gfortran
    FLINK        = $(FC)
    F_LIB        = (none)
    F_INC        = (none)
    FFLAGS       = -O3 -fopenmp
    FLINKFLAGS   = $(FFLAGS)
    RAND         = (none)


 Please send all errors/feedbacks to:

 NPB Development Team
 npb@nas.nasa.gov



All OpenMP Class C benchmarks finished.
