======================================
NPB OpenMP Class C
Job ID: 480297
Node: cpu0608
Slurm tasks: 1
OpenMP threads: 1
Working directory: /fshpc/alembhe/ashutoshbenchmarks/NAS_PARALLEL_BENCHMARK/NPB3.4.4/NPB3.4-OMP
======================================

Running ep.C.x
OpenMP threads: 1


 NAS Parallel Benchmarks (NPB3.4-OMP) - EP Benchmark

 Number of random numbers generated:      8589934592
 Number of available threads:                      1

EP Benchmark Results:

CPU Time =   157.386
N = 2^   32
No. Gaussian Pairs =    3373275903.
Sums =     2.691444083862918D+09    2.691519118718274D+09
Counts:
  0    1572172634.
  1    1501108549.
  2     281805648.
  3      17761221.
  4        424017.
  5          3821.
  6            13.
  7             0.
  8             0.
  9             0.


 EP Benchmark Completed.
 Class           =                        C
 Size            =               8589934592
 Iterations      =                        0
 Time in seconds =                   157.39
 Total threads   =                        1
 Avail threads   =                        1
 Mop/s total     =                    54.58
 Mop/s/thread    =                    54.58
 Operation type  = Random numbers generated
 Verification    =               SUCCESSFUL
 Version         =                    3.4.4
 Compile date    =              23 Jul 2026

 Compile options:
    FC           = gfortran
    FLINK        = $(FC)
    F_LIB        = (none)
    F_INC        = (none)
    FFLAGS       = -O3 -fopenmp
    FLINKFLAGS   = $(FFLAGS)
    RAND         = randi8


 Please send all errors/feedbacks to:

 NPB Development Team
 npb@nas.nasa.gov



Running cg.C.x
OpenMP threads: 1


 NAS Parallel Benchmarks (NPB3.4-OMP) - CG Benchmark

 Size:      150000
 Iterations:                     75
 Number of available threads:     1

 Initialization time =           9.490 seconds

   iteration           ||r||                 zeta
        1       0.35328964381095E-12   109.9994423237398
        5       0.88892040841639E-15    28.6471670038885
       10       0.91283064597608E-15    28.9496695448994
       15       0.90883472889458E-15    28.9716336228364
       20       0.91449608821084E-15    28.9734210663746
       25       0.91122960700368E-15    28.9735863059395
       30       0.91683097468104E-15    28.9736033967622
       35       0.91007816572997E-15    28.9736053266234
       40       0.90641094839696E-15    28.9736055590682
       45       0.90688184003024E-15    28.9736055884116
       50       0.90798767881134E-15    28.9736055922496
       55       0.90298607136070E-15    28.9736055927632
       60       0.90921436072519E-15    28.9736055928340
       65       0.90895434269513E-15    28.9736055928427
       70       0.90322226372321E-15    28.9736055928445
       75       0.90094234911286E-15    28.9736055928454
 Benchmark completed 
 VERIFICATION SUCCESSFUL 
 Zeta is     0.2897360559285E+02
 Error is    0.1238451598331E-13


 CG Benchmark Completed.
 Class           =                        C
 Size            =                   150000
 Iterations      =                       75
 Time in seconds =                    82.36
 Total threads   =                        1
 Avail threads   =                        1
 Mop/s total     =                  1740.48
 Mop/s/thread    =                  1740.48
 Operation type  =           floating point
 Verification    =               SUCCESSFUL
 Version         =                    3.4.4
 Compile date    =              23 Jul 2026

 Compile options:
    FC           = gfortran
    FLINK        = $(FC)
    F_LIB        = (none)
    F_INC        = (none)
    FFLAGS       = -O3 -fopenmp
    FLINKFLAGS   = $(FFLAGS)
    RAND         = randi8


 Please send all errors/feedbacks to:

 NPB Development Team
 npb@nas.nasa.gov



Running ft.C.x
OpenMP threads: 1


 NAS Parallel Benchmarks (NPB3.4-OMP) - FT Benchmark

 Size                :  512x 512x 512
 Iterations                  :     20
 Number of available threads :      1


Running mg.C.x
OpenMP threads: 1


 NAS Parallel Benchmarks (NPB3.4-OMP) - MG Benchmark

 No input file. Using compiled defaults 

Running is.C.x
OpenMP threads: 1


 NAS Parallel Benchmarks (NPB3.4-OMP) - IS Benchmark

 Size:  134217728  (class C)
 Iterations:  10
 Number of available threads:  1


   iteration
        1
        2
        3
        4
        5
        6
        7
        8
        9
        10


 IS Benchmark Completed
 Class           =                        C
 Size            =                134217728
 Iterations      =                       10
 Time in seconds =                     6.38
 Total threads   =                        1
 Avail threads   =                        1
 Mop/s total     =                   210.40
 Mop/s/thread    =                   210.40
 Operation type  =              keys ranked
 Verification    =               SUCCESSFUL
 Version         =                    3.4.4
 Compile date    =              23 Jul 2026

 Compile options:
    CC           = gcc
    CLINK        = $(CC)
    C_LIB        = -lm
    C_INC        = (none)
    CFLAGS       = -O3 -fopenmp
    CLINKFLAGS   = $(CFLAGS)


 Please send all errors/feedbacks to:

 NPB Development Team
 npb@nas.nasa.gov



Running bt.C.x
OpenMP threads: 1


 NAS Parallel Benchmarks (NPB3.4-OMP) - BT Benchmark

 No input file inputbt.data. Using compiled defaults
 Size:  162x 162x 162
 Iterations:  200       dt:   0.0001000
 Number of available threads:     1

 Time step    1
 Time step   20
 Time step   40
 Time step   60
 Time step   80
 Time step  100
 Time step  120
 Time step  140
 Time step  160
 Time step  180
 Time step  200
 Verification being performed for class C
 accuracy setting for epsilon =  0.1000000000000E-07
 Comparison of RMS-norms of residual
           1 0.6239811655176E+04 0.6239811655176E+04 0.1107751341780E-13
           2 0.5079323919042E+03 0.5079323919042E+03 0.1242216404017E-13
           3 0.1542353009301E+04 0.1542353009301E+04 0.5734637869153E-13
           4 0.1330238792929E+04 0.1330238792929E+04 0.1247766821685E-13
           5 0.1160408742844E+05 0.1160408742844E+05 0.6113413672190E-14
 Comparison of RMS-norms of solution error
           1 0.1646200836909E+03 0.1646200836909E+03 0.1191287178775E-13
           2 0.1149710790382E+02 0.1149710790382E+02 0.2549327021655E-13
           3 0.4120744620746E+02 0.4120744620746E+02 0.8104241260813E-14
           4 0.3708765105969E+02 0.3708765105969E+02 0.1915847230703E-13
           5 0.3621105305184E+03 0.3621105305184E+03 0.3045374914452E-13
 Verification Successful


 BT Benchmark Completed.
 Class           =                        C
 Size            =            162x 162x 162
 Iterations      =                      200
 Time in seconds =                   595.58
 Total threads   =                        1
 Avail threads   =                        1
 Mop/s total     =                  4812.60
 Mop/s/thread    =                  4812.60
 Operation type  =           floating point
 Verification    =               SUCCESSFUL
 Version         =                    3.4.4
 Compile date    =              23 Jul 2026

 Compile options:
    FC           = gfortran
    FLINK        = $(FC)
    F_LIB        = (none)
    F_INC        = (none)
    FFLAGS       = -O3 -fopenmp
    FLINKFLAGS   = $(FFLAGS)
    RAND         = (none)


 Please send all errors/feedbacks to:

 NPB Development Team
 npb@nas.nasa.gov



Running sp.C.x
OpenMP threads: 1


 NAS Parallel Benchmarks (NPB3.4-OMP) - SP Benchmark

 No input file inputsp.data. Using compiled defaults
 Size:  162x 162x 162
 Iterations:  400    dt:    0.0006700
 Number of available threads:     1

 Time step    1
 Time step   20
 Time step   40
 Time step   60
 Time step   80
 Time step  100
 Time step  120
 Time step  140
 Time step  160
 Time step  180
 Time step  200
 Time step  220
 Time step  240
 Time step  260
 Time step  280
 Time step  300
 Time step  320
 Time step  340
 Time step  360
 Time step  380
 Time step  400
 Verification being performed for class C
 accuracy setting for epsilon =  0.1000000000000E-07
 Comparison of RMS-norms of residual
           1 0.5881691581829E+03 0.5881691581829E+03 0.5721364933442E-13
           2 0.2454417603569E+03 0.2454417603569E+03 0.3775020705865E-13
           3 0.3293829191851E+03 0.3293829191851E+03 0.5660476090403E-13
           4 0.3081924971891E+03 0.3081924971891E+03 0.1508729675519E-12
           5 0.4597223799176E+03 0.4597223799176E+03 0.2670781108402E-13
 Comparison of RMS-norms of solution error
           1 0.2598120500183E+00 0.2598120500183E+00 0.7691719626494E-14
           2 0.2590888922314E-01 0.2590888922315E-01 0.2340738431425E-12
           3 0.5132886416320E-01 0.5132886416320E-01 0.6732214360245E-13
           4 0.4806073419454E-01 0.4806073419454E-01 0.4908838715985E-14
           5 0.5483377491301E+00 0.5483377491301E+00 0.8544261582119E-13
 Verification Successful


 SP Benchmark Completed.
 Class           =                        C
 Size            =            162x 162x 162
 Iterations      =                      400
 Time in seconds =                   306.88
 Total threads   =                        1
 Avail threads   =                        1
 Mop/s total     =                  4725.30
 Mop/s/thread    =                  4725.30
 Operation type  =           floating point
 Verification    =               SUCCESSFUL
 Version         =                    3.4.4
 Compile date    =              23 Jul 2026

 Compile options:
    FC           = gfortran
    FLINK        = $(FC)
    F_LIB        = (none)
    F_INC        = (none)
    FFLAGS       = -O3 -fopenmp
    FLINKFLAGS   = $(FFLAGS)
    RAND         = (none)


 Please send all errors/feedbacks to:

 NPB Development Team
 npb@nas.nasa.gov



Running lu.C.x
OpenMP threads: 1


 NAS Parallel Benchmarks (NPB3.4-OMP) - LU Benchmark

 Size:  162x 162x 162
 Iterations:                    250
 Number of available threads:     1

 Time step    1
 Time step   20
 Time step   40
 Time step   60
 Time step   80
 Time step  100
 Time step  120
 Time step  140
 Time step  160
 Time step  180
 Time step  200
 Time step  220
 Time step  240
 Time step  250

 Verification being performed for class C
 Accuracy setting for epsilon =  0.1000000000000E-07
 Comparison of RMS-norms of residual
           1   0.1037669803235E+05 0.1037669803235E+05 0.3505911799446E-14
           2   0.8922124588010E+03 0.8922124588010E+03 0.9684015933216E-14
           3   0.2562388145827E+04 0.2562388145827E+04 0.1721460236531E-13
           4   0.2191943438578E+04 0.2191943438578E+04 0.7676134195193E-14
           5   0.1780780572611E+05 0.1780780572611E+05 0.3084797803390E-13
 Comparison of RMS-norms of solution error
           1   0.2159863997170E+03 0.2159863997169E+03 0.2105444377435E-13
           2   0.1557895592399E+02 0.1557895592399E+02 0.1356871827098E-13
           3   0.5413188630772E+02 0.5413188630772E+02 0.2625228065103E-14
           4   0.4822626431540E+02 0.4822626431540E+02 0.1915357885585E-14
           5   0.4559029100433E+03 0.4559029100433E+03 0.3715558389157E-13
 Comparison of surface integral
               0.6664045535722E+02 0.6664045535722E+02 0.2132466628421E-15
 Verification Successful


 LU Benchmark Completed.
 Class           =                        C
 Size            =            162x 162x 162
 Iterations      =                      250
 Time in seconds =                   332.22
 Total threads   =                        1
 Avail threads   =                        1
 Mop/s total     =                  6137.55
 Mop/s/thread    =                  6137.55
 Operation type  =           floating point
 Verification    =               SUCCESSFUL
 Version         =                    3.4.4
 Compile date    =              23 Jul 2026

 Compile options:
    FC           = gfortran
    FLINK        = $(FC)
    F_LIB        = (none)
    F_INC        = (none)
    FFLAGS       = -O3 -fopenmp
    FLINKFLAGS   = $(FFLAGS)
    RAND         = (none)


 Please send all errors/feedbacks to:

 NPB Development Team
 npb@nas.nasa.gov



All OpenMP Class C benchmarks finished.
