======================================
NPB OpenMP Class S
Job ID: 480247
Node: cpu0682
Slurm tasks: 1
OpenMP threads: 128
Working directory: /fshpc/alembhe/ashutoshbenchmarks/NAS_PARALLEL_BENCHMARK/NPB3.4.4/NPB3.4-OMP
======================================

Running ep.S.x
OpenMP threads: 128


 NAS Parallel Benchmarks (NPB3.4-OMP) - EP Benchmark

 Number of random numbers generated:        33554432
 Number of available threads:                    128

EP Benchmark Results:

CPU Time =     0.006
N = 2^   24
No. Gaussian Pairs =      13176389.
Sums =     1.051299420395306D+07    1.051517131857534D+07
Counts:
  0       6140517.
  1       5865300.
  2       1100361.
  3         68546.
  4          1648.
  5            17.
  6             0.
  7             0.
  8             0.
  9             0.


 EP Benchmark Completed.
 Class           =                        S
 Size            =                 33554432
 Iterations      =                        0
 Time in seconds =                     0.01
 Total threads   =                      128
 Avail threads   =                      128
 Mop/s total     =                  5861.41
 Mop/s/thread    =                    45.79
 Operation type  = Random numbers generated
 Verification    =               SUCCESSFUL
 Version         =                    3.4.4
 Compile date    =              23 Jul 2026

 Compile options:
    FC           = gfortran
    FLINK        = $(FC)
    F_LIB        = (none)
    F_INC        = (none)
    FFLAGS       = -O3 -fopenmp
    FLINKFLAGS   = $(FFLAGS)
    RAND         = randi8


 Please send all errors/feedbacks to:

 NPB Development Team
 npb@nas.nasa.gov



Running cg.S.x
OpenMP threads: 128


 NAS Parallel Benchmarks (NPB3.4-OMP) - CG Benchmark

 Size:        1400
 Iterations:                     15
 Number of available threads:   128

 Initialization time =           0.008 seconds

   iteration           ||r||                 zeta
        1       0.13715016010879E-12     9.9986441579140
        5       0.19726386692949E-14     8.5971549151767
       10       0.18213536723838E-14     8.5971775064409
       15       0.17325413494317E-14     8.5971775078648
 Benchmark completed 
 VERIFICATION SUCCESSFUL 
 Zeta is     0.8597177507865E+01
 Error is    0.1239725599088E-14


 CG Benchmark Completed.
 Class           =                        S
 Size            =                     1400
 Iterations      =                       15
 Time in seconds =                     0.03
 Total threads   =                      128
 Avail threads   =                      128
 Mop/s total     =                  2439.41
 Mop/s/thread    =                    19.06
 Operation type  =           floating point
 Verification    =               SUCCESSFUL
 Version         =                    3.4.4
 Compile date    =              23 Jul 2026

 Compile options:
    FC           = gfortran
    FLINK        = $(FC)
    F_LIB        = (none)
    F_INC        = (none)
    FFLAGS       = -O3 -fopenmp
    FLINKFLAGS   = $(FFLAGS)
    RAND         = randi8


 Please send all errors/feedbacks to:

 NPB Development Team
 npb@nas.nasa.gov



Running ft.S.x
OpenMP threads: 128


 NAS Parallel Benchmarks (NPB3.4-OMP) - FT Benchmark

 Size                :   64x  64x  64
 Iterations                  :      6
 Number of available threads :    128

 T =    1     Checksum =    5.546087004964D+02    4.845363331978D+02
 T =    2     Checksum =    5.546385409190D+02    4.865304269511D+02
 T =    3     Checksum =    5.546148406171D+02    4.883910722337D+02
 T =    4     Checksum =    5.545423607415D+02    4.901273169046D+02
 T =    5     Checksum =    5.544255039624D+02    4.917475857993D+02
 T =    6     Checksum =    5.542683411903D+02    4.932597244941D+02
 Result verification successful
 class = S


 FT Benchmark Completed.
 Class           =                        S
 Size            =             64x  64x  64
 Iterations      =                        6
 Time in seconds =                     0.01
 Total threads   =                      128
 Avail threads   =                      128
 Mop/s total     =                 28223.64
 Mop/s/thread    =                   220.50
 Operation type  =           floating point
 Verification    =               SUCCESSFUL
 Version         =                    3.4.4
 Compile date    =              23 Jul 2026

 Compile options:
    FC           = gfortran
    FLINK        = $(FC)
    F_LIB        = (none)
    F_INC        = (none)
    FFLAGS       = -O3 -fopenmp
    FLINKFLAGS   = $(FFLAGS)
    RAND         = randi8


 Please send all errors/feedbacks to:

 NPB Development Team
 npb@nas.nasa.gov



Running mg.S.x
OpenMP threads: 128


 NAS Parallel Benchmarks (NPB3.4-OMP) - MG Benchmark

 No input file. Using compiled defaults 
 Size:   32x  32x  32  (class S)
 Iterations:                      4
 Number of available threads:   128

 Initialization time:           0.012 seconds

  iter   1
  iter   4

 Benchmark completed 
 VERIFICATION SUCCESSFUL 
 L2 Norm is  0.5307707005735E-04
 Error is    0.1668625733659E-12


 MG Benchmark Completed.
 Class           =                        S
 Size            =             32x  32x  32
 Iterations      =                        4
 Time in seconds =                     0.01
 Total threads   =                      128
 Avail threads   =                      128
 Mop/s total     =                  1471.78
 Mop/s/thread    =                    11.50
 Operation type  =           floating point
 Verification    =               SUCCESSFUL
 Version         =                    3.4.4
 Compile date    =              23 Jul 2026

 Compile options:
    FC           = gfortran
    FLINK        = $(FC)
    F_LIB        = (none)
    F_INC        = (none)
    FFLAGS       = -O3 -fopenmp
    FLINKFLAGS   = $(FFLAGS)
    RAND         = randi8


 Please send all errors/feedbacks to:

 NPB Development Team
 npb@nas.nasa.gov



Running is.S.x
OpenMP threads: 128


 NAS Parallel Benchmarks (NPB3.4-OMP) - IS Benchmark

 Size:  65536  (class S)
 Iterations:  10
 Number of available threads:  128



 IS Benchmark Completed
 Class           =                        S
 Size            =                    65536
 Iterations      =                       10
 Time in seconds =                     0.00
 Total threads   =                      128
 Avail threads   =                      128
 Mop/s total     =                   175.39
 Mop/s/thread    =                     1.37
 Operation type  =              keys ranked
 Verification    =               SUCCESSFUL
 Version         =                    3.4.4
 Compile date    =              23 Jul 2026

 Compile options:
    CC           = gcc
    CLINK        = $(CC)
    C_LIB        = -lm
    C_INC        = (none)
    CFLAGS       = -O3 -fopenmp
    CLINKFLAGS   = $(CFLAGS)


 Please send all errors/feedbacks to:

 NPB Development Team
 npb@nas.nasa.gov



Running bt.S.x
OpenMP threads: 128


 NAS Parallel Benchmarks (NPB3.4-OMP) - BT Benchmark

 No input file inputbt.data. Using compiled defaults
 Size:   12x  12x  12
 Iterations:   60       dt:   0.0100000
 Number of available threads:   128

 Time step    1
 Time step   20
 Time step   40
 Time step   60
 Verification being performed for class S
 accuracy setting for epsilon =  0.1000000000000E-07
 Comparison of RMS-norms of residual
           1 0.1703428370954E+00 0.1703428370954E+00 0.7169337718636E-13
           2 0.1297525207003E-01 0.1297525207003E-01 0.3680617304070E-12
           3 0.3252792698948E-01 0.3252792698949E-01 0.1279926736091E-12
           4 0.2643642127515E-01 0.2643642127517E-01 0.8077661407724E-12
           5 0.1921178413175E+00 0.1921178413174E+00 0.1349364923488E-12
 Comparison of RMS-norms of solution error
           1 0.4997691334580E-03 0.4997691334581E-03 0.1956804240420E-12
           2 0.4519566678297E-04 0.4519566678296E-04 0.2418398472548E-12
           3 0.7397376517297E-04 0.7397376517292E-04 0.6071486950843E-12
           4 0.7382123863238E-04 0.7382123863244E-04 0.8375181727013E-12
           5 0.8926963098749E-03 0.8926963098749E-03 0.3522123106623E-13
 Verification Successful


 BT Benchmark Completed.
 Class           =                        S
 Size            =             12x  12x  12
 Iterations      =                       60
 Time in seconds =                     0.01
 Total threads   =                      128
 Avail threads   =                      128
 Mop/s total     =                 24709.16
 Mop/s/thread    =                   193.04
 Operation type  =           floating point
 Verification    =               SUCCESSFUL
 Version         =                    3.4.4
 Compile date    =              23 Jul 2026

 Compile options:
    FC           = gfortran
    FLINK        = $(FC)
    F_LIB        = (none)
    F_INC        = (none)
    FFLAGS       = -O3 -fopenmp
    FLINKFLAGS   = $(FFLAGS)
    RAND         = (none)


 Please send all errors/feedbacks to:

 NPB Development Team
 npb@nas.nasa.gov



Running sp.S.x
OpenMP threads: 128


 NAS Parallel Benchmarks (NPB3.4-OMP) - SP Benchmark

 No input file inputsp.data. Using compiled defaults
 Size:   12x  12x  12
 Iterations:  100    dt:    0.0150000
 Number of available threads:   128

 Time step    1
 Time step   20
 Time step   40
 Time step   60
 Time step   80
 Time step  100
 Verification being performed for class S
 accuracy setting for epsilon =  0.1000000000000E-07
 Comparison of RMS-norms of residual
           1 0.2747031545137E-01 0.2747031545134E-01 0.1208798524209E-11
           2 0.1036074670528E-01 0.1036074670529E-01 0.6702314294386E-12
           3 0.1623574506506E-01 0.1623574506510E-01 0.1960195652412E-11
           4 0.1584055722445E-01 0.1584055722446E-01 0.9023749126692E-13
           5 0.3484904060936E-01 0.3484904060936E-01 0.2030951687113E-13
 Comparison of RMS-norms of solution error
           1 0.2728925855741E-04 0.2728925855738E-04 0.1030993433436E-11
           2 0.1036444664083E-04 0.1036444664084E-04 0.3380140195850E-12
           3 0.1615479828713E-04 0.1615479828717E-04 0.2372455917807E-11
           4 0.1575070499448E-04 0.1575070499448E-04 0.2516785245193E-13
           5 0.3417766618340E-04 0.3417766618339E-04 0.1647589101939E-12
 Verification Successful


 SP Benchmark Completed.
 Class           =                        S
 Size            =             12x  12x  12
 Iterations      =                      100
 Time in seconds =                     0.03
 Total threads   =                      128
 Avail threads   =                      128
 Mop/s total     =                  3391.23
 Mop/s/thread    =                    26.49
 Operation type  =           floating point
 Verification    =               SUCCESSFUL
 Version         =                    3.4.4
 Compile date    =              23 Jul 2026

 Compile options:
    FC           = gfortran
    FLINK        = $(FC)
    F_LIB        = (none)
    F_INC        = (none)
    FFLAGS       = -O3 -fopenmp
    FLINKFLAGS   = $(FFLAGS)
    RAND         = (none)


 Please send all errors/feedbacks to:

 NPB Development Team
 npb@nas.nasa.gov



Running lu.S.x
OpenMP threads: 128


 NAS Parallel Benchmarks (NPB3.4-OMP) - LU Benchmark

 Size:   12x  12x  12
 Iterations:                     50
 Number of available threads:   128

 Time step    1
 Time step   20
 Time step   40
 Time step   50

 Verification being performed for class S
 Accuracy setting for epsilon =  0.1000000000000E-07
 Comparison of RMS-norms of residual
           1   0.1619634321098E-01 0.1619634321098E-01 0.8889787443408E-13
           2   0.2197674516482E-02 0.2197674516482E-02 0.1296499225851E-12
           3   0.1517992765339E-02 0.1517992765340E-02 0.3001211621561E-12
           4   0.1502958443601E-02 0.1502958443599E-02 0.1236875878279E-11
           5   0.3426407315590E-01 0.3426407315590E-01 0.1437836841335E-13
 Comparison of RMS-norms of solution error
           1   0.6422331995796E-03 0.6422331995796E-03 0.8997973918400E-13
           2   0.8414434204735E-04 0.8414434204735E-04 0.3784976867350E-13
           3   0.5858826961650E-04 0.5858826961649E-04 0.3225730891670E-12
           4   0.5847422259515E-04 0.5847422259516E-04 0.2089399856717E-12
           5   0.1310334791411E-02 0.1310334791411E-02 0.5510642406875E-13
 Comparison of surface integral
               0.7841892886594E+01 0.7841892886594E+01 0.0000000000000E+00
 Verification Successful


 LU Benchmark Completed.
 Class           =                        S
 Size            =             12x  12x  12
 Iterations      =                       50
 Time in seconds =                     0.01
 Total threads   =                      128
 Avail threads   =                      128
 Mop/s total     =                 10211.72
 Mop/s/thread    =                    79.78
 Operation type  =           floating point
 Verification    =               SUCCESSFUL
 Version         =                    3.4.4
 Compile date    =              23 Jul 2026

 Compile options:
    FC           = gfortran
    FLINK        = $(FC)
    F_LIB        = (none)
    F_INC        = (none)
    FFLAGS       = -O3 -fopenmp
    FLINKFLAGS   = $(FFLAGS)
    RAND         = (none)


 Please send all errors/feedbacks to:

 NPB Development Team
 npb@nas.nasa.gov



All OpenMP Class S benchmarks finished.
