========================================
NPB Class A Benchmarks
Job ID: 469607
Node(s): cpu0646
Number of nodes: 1
MPI ranks: 128
CPUs per MPI rank: 1
Working directory: /fshpc/alembhe/ashutoshbenchmarks/NAS_PARALLEL_BENCHMARK/NPB3.4.4/NPB3.4-MPI
Date: Wed Jul 22 19:04:26 CEST 2026
========================================

Running EP Class A

 NAS Parallel Benchmarks 3.4 -- EP Benchmark

 Number of random numbers generated:       536870912  (class A)
 Total number of processes:                      128

EP Benchmark Results:

CPU Time =     0.099
N = 2^   28
No. Gaussian Pairs =     210832767.
Sums =     1.682235632304713D+08    1.682195123368295D+08
Counts:
  0      98257395.
  1      93827014.
  2      17611549.
  3       1110028.
  4         26536.
  5           245.
  6             0.
  7             0.
  8             0.
  9             0.


 EP Benchmark Completed.
 Class           =                        A
 Size            =                536870912
 Iterations      =                        0
 Time in seconds =                     0.10
 Total processes =                      128
 Active processes=                      128
 Mop/s total     =                  5401.11
 Mop/s/process   =                    42.20
 Operation type  = Random numbers generated
 Verification    =               SUCCESSFUL
 Version         =                    3.4.4
 Compile date    =              22 Jul 2026

 Compile options:
    MPIFC        = mpifort
    FLINK        = $(MPIFC)
    FMPI_LIB     = (none)
    FMPI_INC     = (none)
    FFLAGS       = -O3
    FLINKFLAGS   = $(FFLAGS)
    RAND         = randi8


 Please send feedbacks and/or the results of this run to:

 NPB Development Team 
 Internet: npb@nas.nasa.gov


Running CG Class A


 NAS Parallel Benchmarks 3.4 -- CG Benchmark

 Size:      14000  (class A)
 Iterations:    15
 Number of nonzeroes per row:       11
 Eigenvalue shift:    20.000
 Total number of processes:    128

   iteration           ||r||                 zeta
        1       0.20208871010836E-12    19.9997581277040
        5       0.19401914028898E-14    17.1302338856353
       10       0.18312342241548E-14    17.1302350540284
       15       0.17241790020085E-14    17.1302350540299
 Benchmark completed 
 VERIFICATION SUCCESSFUL 
 Zeta is     0.1713023505403E+02
 Error is    0.5226337199892E-13


 CG Benchmark Completed.
 Class           =                        A
 Size            =                    14000
 Iterations      =                       15
 Time in seconds =                     0.03
 Total processes =                      128
 Active processes=                      128
 Mop/s total     =                 51481.06
 Mop/s/process   =                   402.20
 Operation type  =           floating point
 Verification    =               SUCCESSFUL
 Version         =                    3.4.4
 Compile date    =              22 Jul 2026

 Compile options:
    MPIFC        = mpifort
    FLINK        = $(MPIFC)
    FMPI_LIB     = (none)
    FMPI_INC     = (none)
    FFLAGS       = -O3
    FLINKFLAGS   = $(FFLAGS)
    RAND         = randi8


 Please send feedbacks and/or the results of this run to:

 NPB Development Team 
 Internet: npb@nas.nasa.gov


Running FT Class A


 NAS Parallel Benchmarks 3.4 -- FT Benchmark

 No input file inputft.data. Using compiled defaults
 Size                :  256x 256x 128  (class A)
 Iterations          :              6
 Number of processes :            128
 Processor array     :         1x 128
 Layout type         :             1D

 Initialization time =      0.0235

 T =    1     Checksum =    5.046735008193D+02    5.114047905510D+02
 T =    2     Checksum =    5.059412319734D+02    5.098809666433D+02
 T =    3     Checksum =    5.069376896287D+02    5.098144042213D+02
 T =    4     Checksum =    5.077892868474D+02    5.101336130759D+02
 T =    5     Checksum =    5.085233095391D+02    5.104914655194D+02
 T =    6     Checksum =    5.091487099959D+02    5.107917842803D+02
 Result verification successful


 FT Benchmark Completed.
 Class           =                        A
 Size            =            256x 256x 128
 Iterations      =                        6
 Time in seconds =                     0.08
 Total processes =                      128
 Active processes=                      128
 Mop/s total     =                 94422.37
 Mop/s/process   =                   737.67
 Operation type  =           floating point
 Verification    =               SUCCESSFUL
 Version         =                    3.4.4
 Compile date    =              22 Jul 2026

 Compile options:
    MPIFC        = mpifort
    FLINK        = $(MPIFC)
    FMPI_LIB     = (none)
    FMPI_INC     = (none)
    FFLAGS       = -O3
    FLINKFLAGS   = $(FFLAGS)
    RAND         = randi8


 Please send feedbacks and/or the results of this run to:

 NPB Development Team 
 Internet: npb@nas.nasa.gov


Running MG Class A


 NAS Parallel Benchmarks 3.4 -- MG Benchmark

 No input file. Using compiled defaults 
 Size:  256x 256x 256  (class A)
 Iterations:    4
 Total number of processes:    128


 Initialization time:           0.016 seconds

  iter    1
  iter    4

 Benchmark completed 
 VERIFICATION SUCCESSFUL 
 L2 Norm is  0.2433365309069E-05
 Error is    0.1971936407703E-12


 MG Benchmark Completed.
 Class           =                        A
 Size            =            256x 256x 256
 Iterations      =                        4
 Time in seconds =                     0.02
 Total processes =                      128
 Active processes=                      128
 Mop/s total     =                233554.19
 Mop/s/process   =                  1824.64
 Operation type  =           floating point
 Verification    =               SUCCESSFUL
 Version         =                    3.4.4
 Compile date    =              22 Jul 2026

 Compile options:
    MPIFC        = mpifort
    FLINK        = $(MPIFC)
    FMPI_LIB     = (none)
    FMPI_INC     = (none)
    FFLAGS       = -O3
    FLINKFLAGS   = $(FFLAGS)
    RAND         = randi8


 Please send feedbacks and/or the results of this run to:

 NPB Development Team 
 Internet: npb@nas.nasa.gov


Running IS Class A


 NAS Parallel Benchmarks 3.4 -- IS Benchmark

 Size:  8388608  (class A)
 Iterations:   10
 Total number of processes:  128

   iteration
        1
        2
        3
        4
        5
        6
        7
        8
        9
        10


 IS Benchmark Completed
 Class           =                        A
 Size            =                  8388608
 Iterations      =                       10
 Time in seconds =                     0.02
 Total processes =                      128
 Active processes=                      128
 Mop/s total     =                  3853.85
 Mop/s/process   =                    30.11
 Operation type  =              keys ranked
 Verification    =               SUCCESSFUL
 Version         =                    3.4.4
 Compile date    =              22 Jul 2026

 Compile options:
    MPICC        = mpicc
    CLINK        = $(MPICC)
    CMPI_LIB     = (none)
    CMPI_INC     = (none)
    CFLAGS       = -O3
    CLINKFLAGS   = $(CFLAGS)


 Please send feedbacks and/or the results of this run to:

 NPB Development Team
 npb@nas.nasa.gov


Skipping BT at 128 ranks
Skipping SP at 128 ranks
Running LU Class A


 NAS Parallel Benchmarks 3.4 -- LU Benchmark

 Size:   64x  64x  64  (class A)
 Iterations:  250
 Total number of processes:    128

 Time step    1
 Time step   20
 Time step   40
 Time step   60
 Time step   80
 Time step  100
 Time step  120
 Time step  140
 Time step  160
 Time step  180
 Time step  200
 Time step  220
 Time step  240
 Time step  250

 Verification being performed for class A
 Accuracy setting for epsilon =  0.1000000000000E-07
 Comparison of RMS-norms of residual
           1   0.7790210760669E+03 0.7790210760669E+03 0.1415574443078E-13
           2   0.6340276525969E+02 0.6340276525969E+02 0.4034451554690E-14
           3   0.1949924972729E+03 0.1949924972729E+03 0.8599719885872E-14
           4   0.1784530116042E+03 0.1784530116042E+03 0.4778015653798E-15
           5   0.1838476034946E+04 0.1838476034946E+04 0.1137810759735E-13
 Comparison of RMS-norms of solution error
           1   0.2996408568547E+02 0.2996408568547E+02 0.7113943771406E-15
           2   0.2819457636500E+01 0.2819457636500E+01 0.1165564649863E-13
           3   0.7347341269878E+01 0.7347341269877E+01 0.7132175413867E-14
           4   0.6713922568778E+01 0.6713922568778E+01 0.1058312377721E-14
           5   0.7071531568839E+02 0.7071531568839E+02 0.1004793274050E-13
 Comparison of surface integral
               0.2603092560489E+02 0.2603092560489E+02 0.1364804975715E-15
 Verification Successful


 LU Benchmark Completed.
 Class           =                        A
 Size            =             64x  64x  64
 Iterations      =                      250
 Time in seconds =                     0.45
 Total processes =                      128
 Active processes=                      128
 Mop/s total     =                263890.68
 Mop/s/process   =                  2061.65
 Operation type  =           floating point
 Verification    =               SUCCESSFUL
 Version         =                    3.4.4
 Compile date    =              22 Jul 2026

 Compile options:
    MPIFC        = mpifort
    FLINK        = $(MPIFC)
    FMPI_LIB     = (none)
    FMPI_INC     = (none)
    FFLAGS       = -O3
    FLINKFLAGS   = $(FFLAGS)
    RAND         = (none)


 Please send feedbacks and/or the results of this run to:

 NPB Development Team 
 Internet: npb@nas.nasa.gov



========================================
NPB Class A job finished
Finish time: Wed Jul 22 19:04:39 CEST 2026
========================================
