========================================
NPB Class A Benchmarks
Job ID: 469608
Node(s): cpu[0646,0670]
Number of nodes: 2
MPI ranks: 256
CPUs per MPI rank: 1
Working directory: /fshpc/alembhe/ashutoshbenchmarks/NAS_PARALLEL_BENCHMARK/NPB3.4.4/NPB3.4-MPI
Date: Wed Jul 22 18:58:26 CEST 2026
========================================

Running EP Class A

 NAS Parallel Benchmarks 3.4 -- EP Benchmark

 Number of random numbers generated:       536870912  (class A)
 Total number of processes:                      256

EP Benchmark Results:

CPU Time =     0.052
N = 2^   28
No. Gaussian Pairs =     210832767.
Sums =     1.682235632304711D+08    1.682195123368293D+08
Counts:
  0      98257395.
  1      93827014.
  2      17611549.
  3       1110028.
  4         26536.
  5           245.
  6             0.
  7             0.
  8             0.
  9             0.


 EP Benchmark Completed.
 Class           =                        A
 Size            =                536870912
 Iterations      =                        0
 Time in seconds =                     0.05
 Total processes =                      256
 Active processes=                      256
 Mop/s total     =                 10238.99
 Mop/s/process   =                    40.00
 Operation type  = Random numbers generated
 Verification    =               SUCCESSFUL
 Version         =                    3.4.4
 Compile date    =              22 Jul 2026

 Compile options:
    MPIFC        = mpifort
    FLINK        = $(MPIFC)
    FMPI_LIB     = (none)
    FMPI_INC     = (none)
    FFLAGS       = -O3
    FLINKFLAGS   = $(FFLAGS)
    RAND         = randi8


 Please send feedbacks and/or the results of this run to:

 NPB Development Team 
 Internet: npb@nas.nasa.gov


Running CG Class A
Running FT Class A


 NAS Parallel Benchmarks 3.4 -- FT Benchmark

 No input file inputft.data. Using compiled defaults
 Size                :  256x 256x 128  (class A)
 Iterations          :              6
 Number of processes :            256
 Processor array     :       128x   2
 Layout type         :             2D

 Initialization time =      2.5222

 T =    1     Checksum =    5.046735008193D+02    5.114047905510D+02
 T =    2     Checksum =    5.059412319734D+02    5.098809666433D+02
 T =    3     Checksum =    5.069376896287D+02    5.098144042213D+02
 T =    4     Checksum =    5.077892868474D+02    5.101336130759D+02
 T =    5     Checksum =    5.085233095391D+02    5.104914655194D+02
 T =    6     Checksum =    5.091487099959D+02    5.107917842803D+02
 Result verification successful


 FT Benchmark Completed.
 Class           =                        A
 Size            =            256x 256x 128
 Iterations      =                        6
 Time in seconds =                     0.27
 Total processes =                      256
 Active processes=                      256
 Mop/s total     =                 26351.86
 Mop/s/process   =                   102.94
 Operation type  =           floating point
 Verification    =               SUCCESSFUL
 Version         =                    3.4.4
 Compile date    =              22 Jul 2026

 Compile options:
    MPIFC        = mpifort
    FLINK        = $(MPIFC)
    FMPI_LIB     = (none)
    FMPI_INC     = (none)
    FFLAGS       = -O3
    FLINKFLAGS   = $(FFLAGS)
    RAND         = randi8


 Please send feedbacks and/or the results of this run to:

 NPB Development Team 
 Internet: npb@nas.nasa.gov


Running MG Class A


 NAS Parallel Benchmarks 3.4 -- MG Benchmark

 No input file. Using compiled defaults 
 Size:  256x 256x 256  (class A)
 Iterations:    4
 Total number of processes:    256


 Initialization time:           0.076 seconds

  iter    1
  iter    4

 Benchmark completed 
 VERIFICATION SUCCESSFUL 
 L2 Norm is  0.2433365309069E-05
 Error is    0.1964974584552E-12


 MG Benchmark Completed.
 Class           =                        A
 Size            =            256x 256x 256
 Iterations      =                        4
 Time in seconds =                     0.01
 Total processes =                      256
 Active processes=                      256
 Mop/s total     =                339342.65
 Mop/s/process   =                  1325.56
 Operation type  =           floating point
 Verification    =               SUCCESSFUL
 Version         =                    3.4.4
 Compile date    =              22 Jul 2026

 Compile options:
    MPIFC        = mpifort
    FLINK        = $(MPIFC)
    FMPI_LIB     = (none)
    FMPI_INC     = (none)
    FFLAGS       = -O3
    FLINKFLAGS   = $(FFLAGS)
    RAND         = randi8


 Please send feedbacks and/or the results of this run to:

 NPB Development Team 
 Internet: npb@nas.nasa.gov


Running IS Class A


 NAS Parallel Benchmarks 3.4 -- IS Benchmark

 Size:  8388608  (class A)
 Iterations:   10
 Total number of processes:  256

   iteration
        1
        2
        3
        4
        5
        6
        7
        8
        9
        10


 IS Benchmark Completed
 Class           =                        A
 Size            =                  8388608
 Iterations      =                       10
 Time in seconds =                     0.16
 Total processes =                      256
 Active processes=                      256
 Mop/s total     =                   540.47
 Mop/s/process   =                     2.11
 Operation type  =              keys ranked
 Verification    =               SUCCESSFUL
 Version         =                    3.4.4
 Compile date    =              22 Jul 2026

 Compile options:
    MPICC        = mpicc
    CLINK        = $(MPICC)
    CMPI_LIB     = (none)
    CMPI_INC     = (none)
    CFLAGS       = -O3
    CLINKFLAGS   = $(CFLAGS)


 Please send feedbacks and/or the results of this run to:

 NPB Development Team
 npb@nas.nasa.gov


Running BT Class A


 NAS Parallel Benchmarks 3.4 -- BT Benchmark

 No input file inputbt.data. Using compiled defaults
 Size:   64x  64x  64  (class A)
 Iterations:  200    dt:   0.0008000
 Total number of processes:    256

 Time step    1
 Time step   20
 Time step   40
 Time step   60
 Time step   80
 Time step  100
 Time step  120
 Time step  140
 Time step  160
 Time step  180
 Time step  200
 Verification being performed for class A
 accuracy setting for epsilon =  0.1000000000000E-07
 Comparison of RMS-norms of residual
           1 0.1080634671464E+03 0.1080634671464E+03 0.7364263659738E-14
           2 0.1131973090122E+02 0.1131973090122E+02 0.9415542762816E-15
           3 0.2597435451158E+02 0.2597435451158E+02 0.3009110424621E-14
           4 0.2366562254468E+02 0.2366562254468E+02 0.8106549417537E-14
           5 0.2527896321175E+03 0.2527896321175E+03 0.1371673561714E-13
 Comparison of RMS-norms of solution error
           1 0.4234841604053E+01 0.4234841604053E+01 0.6291936058601E-15
           2 0.4439028249700E+00 0.4439028249700E+00 0.6377676720092E-14
           3 0.9669248013635E+00 0.9669248013635E+00 0.1148199966595E-14
           4 0.8830206303977E+00 0.8830206303977E+00 0.1005841074517E-14
           5 0.9737990177083E+01 0.9737990177083E+01 0.4560378494683E-14
 Verification Successful


 BT Benchmark Completed.
 Class           =                        A
 Size            =             64x  64x  64
 Iterations      =                      200
 Time in seconds =                     0.38
 Total processes =                      256
 Active processes=                      256
 Mop/s total     =                446523.05
 Mop/s/process   =                  1744.23
 Operation type  =           floating point
 Verification    =               SUCCESSFUL
 Version         =                    3.4.4
 Compile date    =              22 Jul 2026

 Compile options:
    MPIFC        = mpifort
    FLINK        = $(MPIFC)
    FMPI_LIB     = (none)
    FMPI_INC     = (none)
    FFLAGS       = -O3
    FLINKFLAGS   = $(FFLAGS)
    RAND         = (none)


 Please send feedbacks and/or the results of this run to:

 NPB Development Team 
 Internet: npb@nas.nasa.gov


Running SP Class A


 NAS Parallel Benchmarks 3.4 -- SP Benchmark

 No input file inputsp.data. Using compiled defaults
 Size:   64x  64x  64  (class A)
 Iterations:  400    dt:   0.0015000
 Total number of processes:    256

 Time step    1
 Time step   20
 Time step   40
 Time step   60
 Time step   80
 Time step  100
 Time step  120
 Time step  140
 Time step  160
 Time step  180
 Time step  200
 Time step  220
 Time step  240
 Time step  260
 Time step  280
 Time step  300
 Time step  320
 Time step  340
 Time step  360
 Time step  380
 Time step  400
 Verification being performed for class A
 accuracy setting for epsilon =  0.1000000000000E-07
 Comparison of RMS-norms of residual
           1 0.2479982239930E+01 0.2479982239930E+01 0.7431384754311E-13
           2 0.1127633796437E+01 0.1127633796437E+01 0.7935552842380E-13
           3 0.1502897788877E+01 0.1502897788877E+01 0.4388006167206E-13
           4 0.1421781621170E+01 0.1421781621170E+01 0.4122980268375E-13
           5 0.2129211303514E+01 0.2129211303514E+01 0.1122105610209E-12
 Comparison of RMS-norms of solution error
           1 0.1090014029782E-03 0.1090014029782E-03 0.3999809054732E-12
           2 0.3734395176929E-04 0.3734395176928E-04 0.1010706857240E-12
           3 0.5009278540654E-04 0.5009278540654E-04 0.6628437860441E-14
           4 0.4767109393954E-04 0.4767109393953E-04 0.1963038652550E-12
           5 0.1362161339921E-03 0.1362161339921E-03 0.6845105943114E-13
 Verification Successful


 SP Benchmark Completed.
 Class           =                        A
 Size            =             64x  64x  64
 Iterations      =                      400
 Time in seconds =                     0.49
 Total processes =                      256
 Active processes=                      256
 Mop/s total     =                172205.56
 Mop/s/process   =                   672.68
 Operation type  =           floating point
 Verification    =               SUCCESSFUL
 Version         =                    3.4.4
 Compile date    =              22 Jul 2026

 Compile options:
    MPIFC        = mpifort
    FLINK        = $(MPIFC)
    FMPI_LIB     = (none)
    FMPI_INC     = (none)
    FFLAGS       = -O3
    FLINKFLAGS   = $(FFLAGS)
    RAND         = (none)


 Please send feedbacks and/or the results of this run to:

 NPB Development Team 
 Internet: npb@nas.nasa.gov


Running LU Class A


 NAS Parallel Benchmarks 3.4 -- LU Benchmark

 Size:   64x  64x  64  (class A)
 Iterations:  250
 Total number of processes:    256

 Time step    1
 Time step   20
 Time step   40
 Time step   60
 Time step   80
 Time step  100
 Time step  120
 Time step  140
 Time step  160
 Time step  180
 Time step  200
 Time step  220
 Time step  240
 Time step  250

 Verification being performed for class A
 Accuracy setting for epsilon =  0.1000000000000E-07
 Comparison of RMS-norms of residual
           1   0.7790210760669E+03 0.7790210760669E+03 0.1415574443078E-13
           2   0.6340276525969E+02 0.6340276525969E+02 0.4034451554690E-14
           3   0.1949924972729E+03 0.1949924972729E+03 0.8891235814207E-14
           4   0.1784530116042E+03 0.1784530116042E+03 0.4778015653798E-15
           5   0.1838476034946E+04 0.1838476034946E+04 0.1150178267993E-13
 Comparison of RMS-norms of solution error
           1   0.2996408568547E+02 0.2996408568547E+02 0.8299601066640E-15
           2   0.2819457636500E+01 0.2819457636500E+01 0.1165564649863E-13
           3   0.7347341269878E+01 0.7347341269877E+01 0.7253059742915E-14
           4   0.6713922568778E+01 0.6713922568778E+01 0.1058312377721E-14
           5   0.7071531568839E+02 0.7071531568839E+02 0.1024889139531E-13
 Comparison of surface integral
               0.2603092560489E+02 0.2603092560489E+02 0.0000000000000E+00
 Verification Successful


 LU Benchmark Completed.
 Class           =                        A
 Size            =             64x  64x  64
 Iterations      =                      250
 Time in seconds =                     0.29
 Total processes =                      256
 Active processes=                      256
 Mop/s total     =                410943.33
 Mop/s/process   =                  1605.25
 Operation type  =           floating point
 Verification    =               SUCCESSFUL
 Version         =                    3.4.4
 Compile date    =              22 Jul 2026

 Compile options:
    MPIFC        = mpifort
    FLINK        = $(MPIFC)
    FMPI_LIB     = (none)
    FMPI_INC     = (none)
    FFLAGS       = -O3
    FLINKFLAGS   = $(FFLAGS)
    RAND         = (none)


 Please send feedbacks and/or the results of this run to:

 NPB Development Team 
 Internet: npb@nas.nasa.gov



========================================
NPB Class A job finished
Finish time: Wed Jul 22 18:59:02 CEST 2026
========================================
