========================================
NPB Class B Benchmarks
Job ID: 469611
Node(s): cpu0615
Number of nodes: 1
MPI ranks: 16
CPUs per MPI rank: 1
Working directory: /fshpc/alembhe/ashutoshbenchmarks/NAS_PARALLEL_BENCHMARK/NPB3.4.4/NPB3.4-MPI
Date: Wed Jul 22 18:45:50 CEST 2026
========================================

Running EP Class B

 NAS Parallel Benchmarks 3.4 -- EP Benchmark

 Number of random numbers generated:      2147483648  (class B)
 Total number of processes:                       16

EP Benchmark Results:

CPU Time =     2.772
N = 2^   30
No. Gaussian Pairs =     843345606.
Sums =     6.728927543423163D+08    6.728951822504289D+08
Counts:
  0     393058470.
  1     375280898.
  2      70460742.
  3       4438852.
  4        105691.
  5           948.
  6             5.
  7             0.
  8             0.
  9             0.


 EP Benchmark Completed.
 Class           =                        B
 Size            =               2147483648
 Iterations      =                        0
 Time in seconds =                     2.77
 Total processes =                       16
 Active processes=                       16
 Mop/s total     =                   774.59
 Mop/s/process   =                    48.41
 Operation type  = Random numbers generated
 Verification    =               SUCCESSFUL
 Version         =                    3.4.4
 Compile date    =              22 Jul 2026

 Compile options:
    MPIFC        = mpifort
    FLINK        = $(MPIFC)
    FMPI_LIB     = (none)
    FMPI_INC     = (none)
    FFLAGS       = -O3
    FLINKFLAGS   = $(FFLAGS)
    RAND         = randi8


 Please send feedbacks and/or the results of this run to:

 NPB Development Team 
 Internet: npb@nas.nasa.gov


Running CG Class B


 NAS Parallel Benchmarks 3.4 -- CG Benchmark

 Size:      75000  (class B)
 Iterations:    75
 Number of nonzeroes per row:       13
 Eigenvalue shift:    60.000
 Total number of processes:     16

   iteration           ||r||                 zeta
        1       0.16899786290134E-12    59.9994751578754
        5       0.74862489330930E-15    22.6275390653891
       10       0.76068125299394E-15    22.7108351397172
       15       0.75342160942637E-15    22.7126844161816
       20       0.75714986102268E-15    22.7127429721365
       25       0.75229419242410E-15    22.7127453628460
       30       0.74775199632522E-15    22.7127454763705
       35       0.74716852745872E-15    22.7127454822834
       40       0.75026124849125E-15    22.7127454826115
       45       0.74808005039469E-15    22.7127454826305
       50       0.74180399605152E-15    22.7127454826316
       55       0.73671560207932E-15    22.7127454826316
       60       0.73138048261265E-15    22.7127454826315
       65       0.73178848188124E-15    22.7127454826316
       70       0.72990700757830E-15    22.7127454826317
       75       0.73125107634413E-15    22.7127454826317
 Benchmark completed 
 VERIFICATION SUCCESSFUL 
 Zeta is     0.2271274548263E+02
 Error is    0.3190955452874E-13


 CG Benchmark Completed.
 Class           =                        B
 Size            =                    75000
 Iterations      =                       75
 Time in seconds =                     3.49
 Total processes =                       16
 Active processes=                       16
 Mop/s total     =                 15657.92
 Mop/s/process   =                   978.62
 Operation type  =           floating point
 Verification    =               SUCCESSFUL
 Version         =                    3.4.4
 Compile date    =              22 Jul 2026

 Compile options:
    MPIFC        = mpifort
    FLINK        = $(MPIFC)
    FMPI_LIB     = (none)
    FMPI_INC     = (none)
    FFLAGS       = -O3
    FLINKFLAGS   = $(FFLAGS)
    RAND         = randi8


 Please send feedbacks and/or the results of this run to:

 NPB Development Team 
 Internet: npb@nas.nasa.gov


Running FT Class B


 NAS Parallel Benchmarks 3.4 -- FT Benchmark

 No input file inputft.data. Using compiled defaults
 Size                :  512x 256x 256  (class B)
 Iterations          :             20
 Number of processes :             16
 Processor array     :         1x  16
 Layout type         :             1D

 Initialization time =      0.2008

 T =    1     Checksum =    5.177643571579D+02    5.077803458597D+02
 T =    2     Checksum =    5.154521291263D+02    5.088249431599D+02
 T =    3     Checksum =    5.146409228650D+02    5.096208912659D+02
 T =    4     Checksum =    5.142378756213D+02    5.101023387619D+02
 T =    5     Checksum =    5.139626667737D+02    5.103976610618D+02
 T =    6     Checksum =    5.137423460082D+02    5.105948019802D+02
 T =    7     Checksum =    5.135547056878D+02    5.107404165783D+02
 T =    8     Checksum =    5.133910925467D+02    5.108576573661D+02
 T =    9     Checksum =    5.132470705390D+02    5.109577278523D+02
 T =   10     Checksum =    5.131197729984D+02    5.110460304483D+02
 T =   11     Checksum =    5.130070319283D+02    5.111252433800D+02
 T =   12     Checksum =    5.129070537032D+02    5.111968077719D+02
 T =   13     Checksum =    5.128182883503D+02    5.112616233064D+02
 T =   14     Checksum =    5.127393733383D+02    5.113203605551D+02
 T =   15     Checksum =    5.126691062021D+02    5.113735928093D+02
 T =   16     Checksum =    5.126064276005D+02    5.114218460548D+02
 T =   17     Checksum =    5.125504076570D+02    5.114656139760D+02
 T =   18     Checksum =    5.125002331721D+02    5.115053595966D+02
 T =   19     Checksum =    5.124551951846D+02    5.115415130407D+02
 T =   20     Checksum =    5.124146770029D+02    5.115744692211D+02
 Result verification successful


 FT Benchmark Completed.
 Class           =                        B
 Size            =            512x 256x 256
 Iterations      =                       20
 Time in seconds =                     3.43
 Total processes =                       16
 Active processes=                       16
 Mop/s total     =                 26829.57
 Mop/s/process   =                  1676.85
 Operation type  =           floating point
 Verification    =               SUCCESSFUL
 Version         =                    3.4.4
 Compile date    =              22 Jul 2026

 Compile options:
    MPIFC        = mpifort
    FLINK        = $(MPIFC)
    FMPI_LIB     = (none)
    FMPI_INC     = (none)
    FFLAGS       = -O3
    FLINKFLAGS   = $(FFLAGS)
    RAND         = randi8


 Please send feedbacks and/or the results of this run to:

 NPB Development Team 
 Internet: npb@nas.nasa.gov


Running MG Class B


 NAS Parallel Benchmarks 3.4 -- MG Benchmark

 No input file. Using compiled defaults 
 Size:  256x 256x 256  (class B)
 Iterations:   20
 Total number of processes:     16


 Initialization time:           0.084 seconds

  iter    1
  iter    5
  iter   10
  iter   15
  iter   20

 Benchmark completed 
 VERIFICATION SUCCESSFUL 
 L2 Norm is  0.1800564401355E-05
 Error is    0.8832254804511E-13


 MG Benchmark Completed.
 Class           =                        B
 Size            =            256x 256x 256
 Iterations      =                       20
 Time in seconds =                     0.63
 Total processes =                       16
 Active processes=                       16
 Mop/s total     =                 30931.22
 Mop/s/process   =                  1933.20
 Operation type  =           floating point
 Verification    =               SUCCESSFUL
 Version         =                    3.4.4
 Compile date    =              22 Jul 2026

 Compile options:
    MPIFC        = mpifort
    FLINK        = $(MPIFC)
    FMPI_LIB     = (none)
    FMPI_INC     = (none)
    FFLAGS       = -O3
    FLINKFLAGS   = $(FFLAGS)
    RAND         = randi8


 Please send feedbacks and/or the results of this run to:

 NPB Development Team 
 Internet: npb@nas.nasa.gov


Running IS Class B


 NAS Parallel Benchmarks 3.4 -- IS Benchmark

 Size:  33554432  (class B)
 Iterations:   10
 Total number of processes:  16

   iteration
        1
        2
        3
        4
        5
        6
        7
        8
        9
        10


 IS Benchmark Completed
 Class           =                        B
 Size            =                 33554432
 Iterations      =                       10
 Time in seconds =                     0.16
 Total processes =                       16
 Active processes=                       16
 Mop/s total     =                  2099.48
 Mop/s/process   =                   131.22
 Operation type  =              keys ranked
 Verification    =               SUCCESSFUL
 Version         =                    3.4.4
 Compile date    =              22 Jul 2026

 Compile options:
    MPICC        = mpicc
    CLINK        = $(MPICC)
    CMPI_LIB     = (none)
    CMPI_INC     = (none)
    CFLAGS       = -O3
    CLINKFLAGS   = $(CFLAGS)


 Please send feedbacks and/or the results of this run to:

 NPB Development Team
 npb@nas.nasa.gov


Running BT Class B


 NAS Parallel Benchmarks 3.4 -- BT Benchmark

 No input file inputbt.data. Using compiled defaults
 Size:  102x 102x 102  (class B)
 Iterations:  200    dt:   0.0003000
 Total number of processes:     16

 Time step    1
 Time step   20
 Time step   40
 Time step   60
 Time step   80
 Time step  100
 Time step  120
 Time step  140
 Time step  160
 Time step  180
 Time step  200
 Verification being performed for class B
 accuracy setting for epsilon =  0.1000000000000E-07
 Comparison of RMS-norms of residual
           1 0.1423359722929E+04 0.1423359722929E+04 0.1086261588063E-13
           2 0.9933052259015E+02 0.9933052259015E+02 0.2145995160094E-14
           3 0.3564602564454E+03 0.3564602564454E+03 0.9727447836926E-14
           4 0.3248544795908E+03 0.3248544795908E+03 0.8574077622964E-14
           5 0.3270754125466E+04 0.3270754125466E+04 0.7507857822963E-14
 Comparison of RMS-norms of solution error
           1 0.5296984714094E+02 0.5296984714094E+02 0.4694934400213E-14
           2 0.4463289611567E+01 0.4463289611567E+01 0.1253677115106E-13
           3 0.1312257334221E+02 0.1312257334221E+02 0.7580524064319E-14
           4 0.1200692532356E+02 0.1200692532356E+02 0.9616383166343E-14
           5 0.1245957615104E+03 0.1245957615104E+03 0.1243206947957E-13
 Verification Successful


 BT Benchmark Completed.
 Class           =                        B
 Size            =            102x 102x 102
 Iterations      =                      200
 Time in seconds =                    13.66
 Total processes =                       16
 Active processes=                       16
 Mop/s total     =                 51406.56
 Mop/s/process   =                  3212.91
 Operation type  =           floating point
 Verification    =               SUCCESSFUL
 Version         =                    3.4.4
 Compile date    =              22 Jul 2026

 Compile options:
    MPIFC        = mpifort
    FLINK        = $(MPIFC)
    FMPI_LIB     = (none)
    FMPI_INC     = (none)
    FFLAGS       = -O3
    FLINKFLAGS   = $(FFLAGS)
    RAND         = (none)


 Please send feedbacks and/or the results of this run to:

 NPB Development Team 
 Internet: npb@nas.nasa.gov


Running SP Class B


 NAS Parallel Benchmarks 3.4 -- SP Benchmark

 No input file inputsp.data. Using compiled defaults
 Size:  102x 102x 102  (class B)
 Iterations:  400    dt:   0.0010000
 Total number of processes:     16

 Time step    1
 Time step   20
 Time step   40
 Time step   60
 Time step   80
 Time step  100
 Time step  120
 Time step  140
 Time step  160
 Time step  180
 Time step  200
 Time step  220
 Time step  240
 Time step  260
 Time step  280
 Time step  300
 Time step  320
 Time step  340
 Time step  360
 Time step  380
 Time step  400
 Verification being performed for class B
 accuracy setting for epsilon =  0.1000000000000E-07
 Comparison of RMS-norms of residual
           1 0.6903293579998E+02 0.6903293579998E+02 0.5763972333128E-13
           2 0.3095134488084E+02 0.3095134488084E+02 0.9033486835484E-13
           3 0.4103336647017E+02 0.4103336647017E+02 0.1168844742453E-12
           4 0.3864769009604E+02 0.3864769009604E+02 0.2978390762995E-13
           5 0.5643482272596E+02 0.5643482272596E+02 0.5640544795653E-13
 Comparison of RMS-norms of solution error
           1 0.9810006190188E-02 0.9810006190188E-02 0.5004346930917E-13
           2 0.1022827905670E-02 0.1022827905670E-02 0.3913536577001E-12
           3 0.1720597911692E-02 0.1720597911692E-02 0.1518615835771E-12
           4 0.1694479428231E-02 0.1694479428231E-02 0.1071098537110E-12
           5 0.1847456263981E-01 0.1847456263981E-01 0.8187900848013E-13
 Verification Successful


 SP Benchmark Completed.
 Class           =                        B
 Size            =            102x 102x 102
 Iterations      =                      400
 Time in seconds =                    13.99
 Total processes =                       16
 Active processes=                       16
 Mop/s total     =                 25371.55
 Mop/s/process   =                  1585.72
 Operation type  =           floating point
 Verification    =               SUCCESSFUL
 Version         =                    3.4.4
 Compile date    =              22 Jul 2026

 Compile options:
    MPIFC        = mpifort
    FLINK        = $(MPIFC)
    FMPI_LIB     = (none)
    FMPI_INC     = (none)
    FFLAGS       = -O3
    FLINKFLAGS   = $(FFLAGS)
    RAND         = (none)


 Please send feedbacks and/or the results of this run to:

 NPB Development Team 
 Internet: npb@nas.nasa.gov


Running LU Class B


 NAS Parallel Benchmarks 3.4 -- LU Benchmark

 Size:  102x 102x 102  (class B)
 Iterations:  250
 Total number of processes:     16

 Time step    1
 Time step   20
 Time step   40
 Time step   60
 Time step   80
 Time step  100
 Time step  120
 Time step  140
 Time step  160
 Time step  180
 Time step  200
 Time step  220
 Time step  240
 Time step  250

 Verification being performed for class B
 Accuracy setting for epsilon =  0.1000000000000E-07
 Comparison of RMS-norms of residual
           1   0.3553267296998E+04 0.3553267296998E+04 0.1023840455280E-14
           2   0.2621475079531E+03 0.2621475079531E+03 0.6071450919104E-14
           3   0.8833372185095E+03 0.8833372185095E+03 0.1801821201181E-14
           4   0.7781277473943E+03 0.7781277473943E+03 0.8766183041460E-15
           5   0.7308796959255E+04 0.7308796959255E+04 0.5101972729653E-14
 Comparison of RMS-norms of solution error
           1   0.1140117638021E+03 0.1140117638021E+03 0.1246437581640E-14
           2   0.8109896365542E+01 0.8109896365542E+01 0.6790106746047E-14
           3   0.2848059731770E+02 0.2848059731770E+02 0.3368021683590E-14
           4   0.2590539456783E+02 0.2590539456783E+02 0.2194269564664E-14
           5   0.2605490750486E+03 0.2605490750486E+03 0.2181678014025E-14
 Comparison of surface integral
               0.4788716270331E+02 0.4788716270331E+02 0.1038649790370E-14
 Verification Successful


 LU Benchmark Completed.
 Class           =                        B
 Size            =            102x 102x 102
 Iterations      =                      250
 Time in seconds =                     8.54
 Total processes =                       16
 Active processes=                       16
 Mop/s total     =                 58419.30
 Mop/s/process   =                  3651.21
 Operation type  =           floating point
 Verification    =               SUCCESSFUL
 Version         =                    3.4.4
 Compile date    =              22 Jul 2026

 Compile options:
    MPIFC        = mpifort
    FLINK        = $(MPIFC)
    FMPI_LIB     = (none)
    FMPI_INC     = (none)
    FFLAGS       = -O3
    FLINKFLAGS   = $(FFLAGS)
    RAND         = (none)


 Please send feedbacks and/or the results of this run to:

 NPB Development Team 
 Internet: npb@nas.nasa.gov



========================================
NPB Class B job finished
Finish time: Wed Jul 22 18:46:42 CEST 2026
========================================
