========================================
NPB Class B Benchmarks
Job ID: 469613
Node(s): cpu0670
Number of nodes: 1
MPI ranks: 128
CPUs per MPI rank: 1
Working directory: /fshpc/alembhe/ashutoshbenchmarks/NAS_PARALLEL_BENCHMARK/NPB3.4.4/NPB3.4-MPI
Date: Wed Jul 22 19:04:26 CEST 2026
========================================

Running EP Class B

 NAS Parallel Benchmarks 3.4 -- EP Benchmark

 Number of random numbers generated:      2147483648  (class B)
 Total number of processes:                      128

EP Benchmark Results:

CPU Time =     0.396
N = 2^   30
No. Gaussian Pairs =     843345606.
Sums =     6.728927543423076D+08    6.728951822504205D+08
Counts:
  0     393058470.
  1     375280898.
  2      70460742.
  3       4438852.
  4        105691.
  5           948.
  6             5.
  7             0.
  8             0.
  9             0.


 EP Benchmark Completed.
 Class           =                        B
 Size            =               2147483648
 Iterations      =                        0
 Time in seconds =                     0.40
 Total processes =                      128
 Active processes=                      128
 Mop/s total     =                  5418.42
 Mop/s/process   =                    42.33
 Operation type  = Random numbers generated
 Verification    =               SUCCESSFUL
 Version         =                    3.4.4
 Compile date    =              22 Jul 2026

 Compile options:
    MPIFC        = mpifort
    FLINK        = $(MPIFC)
    FMPI_LIB     = (none)
    FMPI_INC     = (none)
    FFLAGS       = -O3
    FLINKFLAGS   = $(FFLAGS)
    RAND         = randi8


 Please send feedbacks and/or the results of this run to:

 NPB Development Team 
 Internet: npb@nas.nasa.gov


Running CG Class B


 NAS Parallel Benchmarks 3.4 -- CG Benchmark

 Size:      75000  (class B)
 Iterations:    75
 Number of nonzeroes per row:       13
 Eigenvalue shift:    60.000
 Total number of processes:    128

   iteration           ||r||                 zeta
        1       0.11102868606138E-12    59.9994751578754
        5       0.49476242498963E-15    22.6275390653890
       10       0.49467253742151E-15    22.7108351397172
       15       0.48866462913810E-15    22.7126844161817
       20       0.48828677072339E-15    22.7127429721364
       25       0.48446807429387E-15    22.7127453628459
       30       0.47971950191031E-15    22.7127454763704
       35       0.47716473663761E-15    22.7127454822834
       40       0.47644458080747E-15    22.7127454826114
       45       0.47018192692979E-15    22.7127454826305
       50       0.47064161143645E-15    22.7127454826316
       55       0.46369287893556E-15    22.7127454826317
       60       0.45807107543238E-15    22.7127454826317
       65       0.45901426418696E-15    22.7127454826317
       70       0.45150538884739E-15    22.7127454826317
       75       0.45401796189008E-15    22.7127454826317
 Benchmark completed 
 VERIFICATION SUCCESSFUL 
 Zeta is     0.2271274548263E+02
 Error is    0.3159671575885E-13


 CG Benchmark Completed.
 Class           =                        B
 Size            =                    75000
 Iterations      =                       75
 Time in seconds =                     0.84
 Total processes =                      128
 Active processes=                      128
 Mop/s total     =                 65389.36
 Mop/s/process   =                   510.85
 Operation type  =           floating point
 Verification    =               SUCCESSFUL
 Version         =                    3.4.4
 Compile date    =              22 Jul 2026

 Compile options:
    MPIFC        = mpifort
    FLINK        = $(MPIFC)
    FMPI_LIB     = (none)
    FMPI_INC     = (none)
    FFLAGS       = -O3
    FLINKFLAGS   = $(FFLAGS)
    RAND         = randi8


 Please send feedbacks and/or the results of this run to:

 NPB Development Team 
 Internet: npb@nas.nasa.gov


Running FT Class B


 NAS Parallel Benchmarks 3.4 -- FT Benchmark

 No input file inputft.data. Using compiled defaults
 Size                :  512x 256x 256  (class B)
 Iterations          :             20
 Number of processes :            128
 Processor array     :         1x 128
 Layout type         :             1D

 Initialization time =      0.0461

 T =    1     Checksum =    5.177643571579D+02    5.077803458597D+02
 T =    2     Checksum =    5.154521291263D+02    5.088249431599D+02
 T =    3     Checksum =    5.146409228650D+02    5.096208912659D+02
 T =    4     Checksum =    5.142378756213D+02    5.101023387619D+02
 T =    5     Checksum =    5.139626667737D+02    5.103976610618D+02
 T =    6     Checksum =    5.137423460082D+02    5.105948019802D+02
 T =    7     Checksum =    5.135547056878D+02    5.107404165783D+02
 T =    8     Checksum =    5.133910925467D+02    5.108576573661D+02
 T =    9     Checksum =    5.132470705390D+02    5.109577278523D+02
 T =   10     Checksum =    5.131197729984D+02    5.110460304483D+02
 T =   11     Checksum =    5.130070319283D+02    5.111252433800D+02
 T =   12     Checksum =    5.129070537032D+02    5.111968077719D+02
 T =   13     Checksum =    5.128182883503D+02    5.112616233064D+02
 T =   14     Checksum =    5.127393733383D+02    5.113203605551D+02
 T =   15     Checksum =    5.126691062021D+02    5.113735928093D+02
 T =   16     Checksum =    5.126064276005D+02    5.114218460548D+02
 T =   17     Checksum =    5.125504076570D+02    5.114656139760D+02
 T =   18     Checksum =    5.125002331721D+02    5.115053595966D+02
 T =   19     Checksum =    5.124551951846D+02    5.115415130407D+02
 T =   20     Checksum =    5.124146770029D+02    5.115744692211D+02
 Result verification successful


 FT Benchmark Completed.
 Class           =                        B
 Size            =            512x 256x 256
 Iterations      =                       20
 Time in seconds =                     0.71
 Total processes =                      128
 Active processes=                      128
 Mop/s total     =                129882.94
 Mop/s/process   =                  1014.71
 Operation type  =           floating point
 Verification    =               SUCCESSFUL
 Version         =                    3.4.4
 Compile date    =              22 Jul 2026

 Compile options:
    MPIFC        = mpifort
    FLINK        = $(MPIFC)
    FMPI_LIB     = (none)
    FMPI_INC     = (none)
    FFLAGS       = -O3
    FLINKFLAGS   = $(FFLAGS)
    RAND         = randi8


 Please send feedbacks and/or the results of this run to:

 NPB Development Team 
 Internet: npb@nas.nasa.gov


Running MG Class B


 NAS Parallel Benchmarks 3.4 -- MG Benchmark

 No input file. Using compiled defaults 
 Size:  256x 256x 256  (class B)
 Iterations:   20
 Total number of processes:    128


 Initialization time:           0.015 seconds

  iter    1
  iter    5
  iter   10
  iter   15
  iter   20

 Benchmark completed 
 VERIFICATION SUCCESSFUL 
 L2 Norm is  0.1800564401355E-05
 Error is    0.9784868172241E-13


 MG Benchmark Completed.
 Class           =                        B
 Size            =            256x 256x 256
 Iterations      =                       20
 Time in seconds =                     0.07
 Total processes =                      128
 Active processes=                      128
 Mop/s total     =                298133.81
 Mop/s/process   =                  2329.17
 Operation type  =           floating point
 Verification    =               SUCCESSFUL
 Version         =                    3.4.4
 Compile date    =              22 Jul 2026

 Compile options:
    MPIFC        = mpifort
    FLINK        = $(MPIFC)
    FMPI_LIB     = (none)
    FMPI_INC     = (none)
    FFLAGS       = -O3
    FLINKFLAGS   = $(FFLAGS)
    RAND         = randi8


 Please send feedbacks and/or the results of this run to:

 NPB Development Team 
 Internet: npb@nas.nasa.gov


Running IS Class B


 NAS Parallel Benchmarks 3.4 -- IS Benchmark

 Size:  33554432  (class B)
 Iterations:   10
 Total number of processes:  128

   iteration
        1
        2
        3
        4
        5
        6
        7
        8
        9
        10


 IS Benchmark Completed
 Class           =                        B
 Size            =                 33554432
 Iterations      =                       10
 Time in seconds =                     0.06
 Total processes =                      128
 Active processes=                      128
 Mop/s total     =                  5690.28
 Mop/s/process   =                    44.46
 Operation type  =              keys ranked
 Verification    =               SUCCESSFUL
 Version         =                    3.4.4
 Compile date    =              22 Jul 2026

 Compile options:
    MPICC        = mpicc
    CLINK        = $(MPICC)
    CMPI_LIB     = (none)
    CMPI_INC     = (none)
    CFLAGS       = -O3
    CLINKFLAGS   = $(CFLAGS)


 Please send feedbacks and/or the results of this run to:

 NPB Development Team
 npb@nas.nasa.gov


Skipping BT at 128 ranks
Skipping SP at 128 ranks
Running LU Class B


 NAS Parallel Benchmarks 3.4 -- LU Benchmark

 Size:  102x 102x 102  (class B)
 Iterations:  250
 Total number of processes:    128

 Time step    1
 Time step   20
 Time step   40
 Time step   60
 Time step   80
 Time step  100
 Time step  120
 Time step  140
 Time step  160
 Time step  180
 Time step  200
 Time step  220
 Time step  240
 Time step  250

 Verification being performed for class B
 Accuracy setting for epsilon =  0.1000000000000E-07
 Comparison of RMS-norms of residual
           1   0.3553267296998E+04 0.3553267296998E+04 0.6399002845503E-15
           2   0.2621475079531E+03 0.2621475079531E+03 0.4119913123677E-14
           3   0.8833372185095E+03 0.8833372185095E+03 0.1029612114961E-14
           4   0.7781277473943E+03 0.7781277473943E+03 0.1168824405528E-14
           5   0.7308796959255E+04 0.7308796959255E+04 0.5724164525953E-14
 Comparison of RMS-norms of solution error
           1   0.1140117638021E+03 0.1140117638021E+03 0.2492875163280E-15
           2   0.8109896365542E+01 0.8109896365542E+01 0.7885285253474E-14
           3   0.2848059731770E+02 0.2848059731770E+02 0.1746381613714E-14
           4   0.2590539456783E+02 0.2590539456783E+02 0.2605695108039E-14
           5   0.2605490750486E+03 0.2605490750486E+03 0.4363356028050E-15
 Comparison of surface integral
               0.4788716270331E+02 0.4788716270331E+02 0.1335406873333E-14
 Verification Successful


 LU Benchmark Completed.
 Class           =                        B
 Size            =            102x 102x 102
 Iterations      =                      250
 Time in seconds =                     1.54
 Total processes =                      128
 Active processes=                      128
 Mop/s total     =                324916.51
 Mop/s/process   =                  2538.41
 Operation type  =           floating point
 Verification    =               SUCCESSFUL
 Version         =                    3.4.4
 Compile date    =              22 Jul 2026

 Compile options:
    MPIFC        = mpifort
    FLINK        = $(MPIFC)
    FMPI_LIB     = (none)
    FMPI_INC     = (none)
    FFLAGS       = -O3
    FLINKFLAGS   = $(FFLAGS)
    RAND         = (none)


 Please send feedbacks and/or the results of this run to:

 NPB Development Team 
 Internet: npb@nas.nasa.gov



========================================
NPB Class B job finished
Finish time: Wed Jul 22 19:04:43 CEST 2026
========================================
