========================================
NPB Class C Benchmarks
Job ID: 469619
Node(s): cpu0646
Number of nodes: 1
MPI ranks: 128
CPUs per MPI rank: 1
Working directory: /fshpc/alembhe/ashutoshbenchmarks/NAS_PARALLEL_BENCHMARK/NPB3.4.4/NPB3.4-MPI
Date: Wed Jul 22 19:05:58 CEST 2026
========================================

Running EP Class C

 NAS Parallel Benchmarks 3.4 -- EP Benchmark

 Number of random numbers generated:      8589934592  (class C)
 Total number of processes:                      128

EP Benchmark Results:

CPU Time =     1.597
N = 2^   32
No. Gaussian Pairs =    3373275903.
Sums =     2.691444083862948D+09    2.691519118724633D+09
Counts:
  0    1572172634.
  1    1501108549.
  2     281805648.
  3      17761221.
  4        424017.
  5          3821.
  6            13.
  7             0.
  8             0.
  9             0.


 EP Benchmark Completed.
 Class           =                        C
 Size            =               8589934592
 Iterations      =                        0
 Time in seconds =                     1.60
 Total processes =                      128
 Active processes=                      128
 Mop/s total     =                  5377.61
 Mop/s/process   =                    42.01
 Operation type  = Random numbers generated
 Verification    =               SUCCESSFUL
 Version         =                    3.4.4
 Compile date    =              22 Jul 2026

 Compile options:
    MPIFC        = mpifort
    FLINK        = $(MPIFC)
    FMPI_LIB     = (none)
    FMPI_INC     = (none)
    FFLAGS       = -O3
    FLINKFLAGS   = $(FFLAGS)
    RAND         = randi8


 Please send feedbacks and/or the results of this run to:

 NPB Development Team 
 Internet: npb@nas.nasa.gov


Running CG Class C


 NAS Parallel Benchmarks 3.4 -- CG Benchmark

 Size:     150000  (class C)
 Iterations:    75
 Number of nonzeroes per row:       15
 Eigenvalue shift:   110.000
 Total number of processes:    128

   iteration           ||r||                 zeta
        1       0.15531186829697E-12   109.9994423237398
        5       0.45697970475168E-15    28.6471670038896
       10       0.45385856800558E-15    28.9496695449000
       15       0.45454185693681E-15    28.9716336228373
       20       0.45009002961164E-15    28.9734210663750
       25       0.44811732852210E-15    28.9735863059385
       30       0.44978452502643E-15    28.9736033967630
       35       0.44750081680132E-15    28.9736053266249
       40       0.44483808760546E-15    28.9736055590700
       45       0.44564835282088E-15    28.9736055884129
       50       0.44330720374100E-15    28.9736055922482
       55       0.44236447460670E-15    28.9736055927635
       60       0.43886423138038E-15    28.9736055928341
       65       0.43889356323613E-15    28.9736055928438
       70       0.43777396882537E-15    28.9736055928452
       75       0.43512010211894E-15    28.9736055928454
 Benchmark completed 
 VERIFICATION SUCCESSFUL 
 Zeta is     0.2897360559285E+02
 Error is    0.1532737126648E-13


 CG Benchmark Completed.
 Class           =                        C
 Size            =                   150000
 Iterations      =                       75
 Time in seconds =                     2.15
 Total processes =                      128
 Active processes=                      128
 Mop/s total     =                 66689.99
 Mop/s/process   =                   521.02
 Operation type  =           floating point
 Verification    =               SUCCESSFUL
 Version         =                    3.4.4
 Compile date    =              22 Jul 2026

 Compile options:
    MPIFC        = mpifort
    FLINK        = $(MPIFC)
    FMPI_LIB     = (none)
    FMPI_INC     = (none)
    FFLAGS       = -O3
    FLINKFLAGS   = $(FFLAGS)
    RAND         = randi8


 Please send feedbacks and/or the results of this run to:

 NPB Development Team 
 Internet: npb@nas.nasa.gov


Running FT Class C


 NAS Parallel Benchmarks 3.4 -- FT Benchmark

 No input file inputft.data. Using compiled defaults
 Size                :  512x 512x 512  (class C)
 Iterations          :             20
 Number of processes :            128
 Processor array     :         1x 128
 Layout type         :             1D

 Initialization time =      0.1922

 T =    1     Checksum =    5.195078707457D+02    5.149019699238D+02
 T =    2     Checksum =    5.155422171134D+02    5.127578201997D+02
 T =    3     Checksum =    5.144678022222D+02    5.122251847514D+02
 T =    4     Checksum =    5.140150594328D+02    5.121090289018D+02
 T =    5     Checksum =    5.137550426810D+02    5.121143685824D+02
 T =    6     Checksum =    5.135811056728D+02    5.121496764568D+02
 T =    7     Checksum =    5.134569343165D+02    5.121870921893D+02
 T =    8     Checksum =    5.133651975661D+02    5.122193250322D+02
 T =    9     Checksum =    5.132955192805D+02    5.122454735794D+02
 T =   10     Checksum =    5.132410471738D+02    5.122663649603D+02
 T =   11     Checksum =    5.131971141679D+02    5.122830879827D+02
 T =   12     Checksum =    5.131605205716D+02    5.122965869718D+02
 T =   13     Checksum =    5.131290734194D+02    5.123075927445D+02
 T =   14     Checksum =    5.131012720314D+02    5.123166486553D+02
 T =   15     Checksum =    5.130760908195D+02    5.123241541685D+02
 T =   16     Checksum =    5.130528295923D+02    5.123304037599D+02
 T =   17     Checksum =    5.130310107773D+02    5.123356167976D+02
 T =   18     Checksum =    5.130103090133D+02    5.123399592211D+02
 T =   19     Checksum =    5.129905029333D+02    5.123435588985D+02
 T =   20     Checksum =    5.129714421109D+02    5.123465164008D+02
 Result verification successful


 FT Benchmark Completed.
 Class           =                        C
 Size            =            512x 512x 512
 Iterations      =                       20
 Time in seconds =                     3.07
 Total processes =                      128
 Active processes=                      128
 Mop/s total     =                128969.22
 Mop/s/process   =                  1007.57
 Operation type  =           floating point
 Verification    =               SUCCESSFUL
 Version         =                    3.4.4
 Compile date    =              22 Jul 2026

 Compile options:
    MPIFC        = mpifort
    FLINK        = $(MPIFC)
    FMPI_LIB     = (none)
    FMPI_INC     = (none)
    FFLAGS       = -O3
    FLINKFLAGS   = $(FFLAGS)
    RAND         = randi8


 Please send feedbacks and/or the results of this run to:

 NPB Development Team 
 Internet: npb@nas.nasa.gov


Running MG Class C


 NAS Parallel Benchmarks 3.4 -- MG Benchmark

 No input file. Using compiled defaults 
 Size:  512x 512x 512  (class C)
 Iterations:   20
 Total number of processes:    128


 Initialization time:           0.166 seconds

  iter    1
  iter    5
  iter   10
  iter   15
  iter   20

 Benchmark completed 
 VERIFICATION SUCCESSFUL 
 L2 Norm is  0.5706732285740E-06
 Error is    0.7124494269654E-13


 MG Benchmark Completed.
 Class           =                        C
 Size            =            512x 512x 512
 Iterations      =                       20
 Time in seconds =                     1.34
 Total processes =                      128
 Active processes=                      128
 Mop/s total     =                116474.12
 Mop/s/process   =                   909.95
 Operation type  =           floating point
 Verification    =               SUCCESSFUL
 Version         =                    3.4.4
 Compile date    =              22 Jul 2026

 Compile options:
    MPIFC        = mpifort
    FLINK        = $(MPIFC)
    FMPI_LIB     = (none)
    FMPI_INC     = (none)
    FFLAGS       = -O3
    FLINKFLAGS   = $(FFLAGS)
    RAND         = randi8


 Please send feedbacks and/or the results of this run to:

 NPB Development Team 
 Internet: npb@nas.nasa.gov


Running IS Class C


 NAS Parallel Benchmarks 3.4 -- IS Benchmark

 Size:  134217728  (class C)
 Iterations:   10
 Total number of processes:  128

   iteration
        1
        2
        3
        4
        5
        6
        7
        8
        9
        10


 IS Benchmark Completed
 Class           =                        C
 Size            =                134217728
 Iterations      =                       10
 Time in seconds =                     0.19
 Total processes =                      128
 Active processes=                      128
 Mop/s total     =                  7141.80
 Mop/s/process   =                    55.80
 Operation type  =              keys ranked
 Verification    =               SUCCESSFUL
 Version         =                    3.4.4
 Compile date    =              22 Jul 2026

 Compile options:
    MPICC        = mpicc
    CLINK        = $(MPICC)
    CMPI_LIB     = (none)
    CMPI_INC     = (none)
    CFLAGS       = -O3
    CLINKFLAGS   = $(CFLAGS)


 Please send feedbacks and/or the results of this run to:

 NPB Development Team
 npb@nas.nasa.gov


Skipping BT at 128 ranks
Skipping SP at 128 ranks
Running LU Class C


 NAS Parallel Benchmarks 3.4 -- LU Benchmark

 Size:  162x 162x 162  (class C)
 Iterations:  250
 Total number of processes:    128

 Time step    1
 Time step   20
 Time step   40
 Time step   60
 Time step   80
 Time step  100
 Time step  120
 Time step  140
 Time step  160
 Time step  180
 Time step  200
 Time step  220
 Time step  240
 Time step  250

 Verification being performed for class C
 Accuracy setting for epsilon =  0.1000000000000E-07
 Comparison of RMS-norms of residual
           1   0.1037669803235E+05 0.1037669803235E+05 0.1752955899723E-15
           2   0.8922124588010E+03 0.8922124588010E+03 0.1019370098233E-14
           3   0.2562388145827E+04 0.2562388145827E+04 0.8873506373871E-15
           4   0.2191943438578E+04 0.2191943438578E+04 0.0000000000000E+00
           5   0.1780780572611E+05 0.1780780572611E+05 0.1225747471546E-14
 Comparison of RMS-norms of solution error
           1   0.2159863997169E+03 0.2159863997169E+03 0.5263610943587E-15
           2   0.1557895592399E+02 0.1557895592399E+02 0.7981598982931E-15
           3   0.5413188630772E+02 0.5413188630772E+02 0.1575136839062E-14
           4   0.4822626431540E+02 0.4822626431540E+02 0.8840113318084E-15
           5   0.4559029100433E+03 0.4559029100433E+03 0.1870247511320E-14
 Comparison of surface integral
               0.6664045535722E+02 0.6664045535722E+02 0.8529866513682E-15
 Verification Successful


 LU Benchmark Completed.
 Class           =                        C
 Size            =            162x 162x 162
 Iterations      =                      250
 Time in seconds =                     7.71
 Total processes =                      128
 Active processes=                      128
 Mop/s total     =                264452.54
 Mop/s/process   =                  2066.04
 Operation type  =           floating point
 Verification    =               SUCCESSFUL
 Version         =                    3.4.4
 Compile date    =              22 Jul 2026

 Compile options:
    MPIFC        = mpifort
    FLINK        = $(MPIFC)
    FMPI_LIB     = (none)
    FMPI_INC     = (none)
    FFLAGS       = -O3
    FLINKFLAGS   = $(FFLAGS)
    RAND         = (none)


 Please send feedbacks and/or the results of this run to:

 NPB Development Team 
 Internet: npb@nas.nasa.gov



========================================
NPB Class C job finished
Finish time: Wed Jul 22 19:06:27 CEST 2026
========================================
