========================================
NPB Class C Benchmarks
Job ID: 469620
Node(s): cpu[0646,0670]
Number of nodes: 2
MPI ranks: 256
CPUs per MPI rank: 1
Working directory: /fshpc/alembhe/ashutoshbenchmarks/NAS_PARALLEL_BENCHMARK/NPB3.4.4/NPB3.4-MPI
Date: Wed Jul 22 19:02:29 CEST 2026
========================================

Running EP Class C

 NAS Parallel Benchmarks 3.4 -- EP Benchmark

 Number of random numbers generated:      8589934592  (class C)
 Total number of processes:                      256

EP Benchmark Results:

CPU Time =     0.811
N = 2^   32
No. Gaussian Pairs =    3373275903.
Sums =     2.691444083862940D+09    2.691519118724598D+09
Counts:
  0    1572172634.
  1    1501108549.
  2     281805648.
  3      17761221.
  4        424017.
  5          3821.
  6            13.
  7             0.
  8             0.
  9             0.


 EP Benchmark Completed.
 Class           =                        C
 Size            =               8589934592
 Iterations      =                        0
 Time in seconds =                     0.81
 Total processes =                      256
 Active processes=                      256
 Mop/s total     =                 10589.22
 Mop/s/process   =                    41.36
 Operation type  = Random numbers generated
 Verification    =               SUCCESSFUL
 Version         =                    3.4.4
 Compile date    =              22 Jul 2026

 Compile options:
    MPIFC        = mpifort
    FLINK        = $(MPIFC)
    FMPI_LIB     = (none)
    FMPI_INC     = (none)
    FFLAGS       = -O3
    FLINKFLAGS   = $(FFLAGS)
    RAND         = randi8


 Please send feedbacks and/or the results of this run to:

 NPB Development Team 
 Internet: npb@nas.nasa.gov


Running CG Class C


 NAS Parallel Benchmarks 3.4 -- CG Benchmark

 Size:     150000  (class C)
 Iterations:    75
 Number of nonzeroes per row:       15
 Eigenvalue shift:   110.000
 Total number of processes:    256

   iteration           ||r||                 zeta
        1       0.15531186829697E-12   109.9994423237398
        5       0.45697970475168E-15    28.6471670038896
       10       0.45385856800558E-15    28.9496695449000
       15       0.45454185693681E-15    28.9716336228373
       20       0.45009002961164E-15    28.9734210663750
       25       0.44811732852210E-15    28.9735863059385
       30       0.44978452502643E-15    28.9736033967630
       35       0.44750081680132E-15    28.9736053266249
       40       0.44483808760546E-15    28.9736055590700
       45       0.44564835282088E-15    28.9736055884129
       50       0.44330720374100E-15    28.9736055922482
       55       0.44236447460670E-15    28.9736055927635
       60       0.43886423138038E-15    28.9736055928341
       65       0.43889356323613E-15    28.9736055928438
       70       0.43777396882537E-15    28.9736055928452
       75       0.43512010211894E-15    28.9736055928454
 Benchmark completed 
 VERIFICATION SUCCESSFUL 
 Zeta is     0.2897360559285E+02
 Error is    0.1532737126648E-13


 CG Benchmark Completed.
 Class           =                        C
 Size            =                   150000
 Iterations      =                       75
 Time in seconds =                     1.78
 Total processes =                      256
 Active processes=                      256
 Mop/s total     =                 80636.04
 Mop/s/process   =                   314.98
 Operation type  =           floating point
 Verification    =               SUCCESSFUL
 Version         =                    3.4.4
 Compile date    =              22 Jul 2026

 Compile options:
    MPIFC        = mpifort
    FLINK        = $(MPIFC)
    FMPI_LIB     = (none)
    FMPI_INC     = (none)
    FFLAGS       = -O3
    FLINKFLAGS   = $(FFLAGS)
    RAND         = randi8


 Please send feedbacks and/or the results of this run to:

 NPB Development Team 
 Internet: npb@nas.nasa.gov


Running FT Class C


 NAS Parallel Benchmarks 3.4 -- FT Benchmark

 No input file inputft.data. Using compiled defaults
 Size                :  512x 512x 512  (class C)
 Iterations          :             20
 Number of processes :            256
 Processor array     :         1x 256
 Layout type         :             1D

 Initialization time =      3.2334

 T =    1     Checksum =    5.195078707457D+02    5.149019699238D+02
 T =    2     Checksum =    5.155422171134D+02    5.127578201997D+02
 T =    3     Checksum =    5.144678022222D+02    5.122251847514D+02
 T =    4     Checksum =    5.140150594328D+02    5.121090289018D+02
 T =    5     Checksum =    5.137550426810D+02    5.121143685824D+02
 T =    6     Checksum =    5.135811056728D+02    5.121496764568D+02
 T =    7     Checksum =    5.134569343165D+02    5.121870921893D+02
 T =    8     Checksum =    5.133651975661D+02    5.122193250322D+02
 T =    9     Checksum =    5.132955192805D+02    5.122454735794D+02
 T =   10     Checksum =    5.132410471738D+02    5.122663649603D+02
 T =   11     Checksum =    5.131971141679D+02    5.122830879827D+02
 T =   12     Checksum =    5.131605205716D+02    5.122965869718D+02
 T =   13     Checksum =    5.131290734194D+02    5.123075927445D+02
 T =   14     Checksum =    5.131012720314D+02    5.123166486553D+02
 T =   15     Checksum =    5.130760908195D+02    5.123241541685D+02
 T =   16     Checksum =    5.130528295923D+02    5.123304037599D+02
 T =   17     Checksum =    5.130310107773D+02    5.123356167976D+02
 T =   18     Checksum =    5.130103090133D+02    5.123399592211D+02
 T =   19     Checksum =    5.129905029333D+02    5.123435588985D+02
 T =   20     Checksum =    5.129714421109D+02    5.123465164008D+02
 Result verification successful


 FT Benchmark Completed.
 Class           =                        C
 Size            =            512x 512x 512
 Iterations      =                       20
 Time in seconds =                     2.64
 Total processes =                      256
 Active processes=                      256
 Mop/s total     =                149913.51
 Mop/s/process   =                   585.60
 Operation type  =           floating point
 Verification    =               SUCCESSFUL
 Version         =                    3.4.4
 Compile date    =              22 Jul 2026

 Compile options:
    MPIFC        = mpifort
    FLINK        = $(MPIFC)
    FMPI_LIB     = (none)
    FMPI_INC     = (none)
    FFLAGS       = -O3
    FLINKFLAGS   = $(FFLAGS)
    RAND         = randi8


 Please send feedbacks and/or the results of this run to:

 NPB Development Team 
 Internet: npb@nas.nasa.gov


Running MG Class C
Running IS Class C


 NAS Parallel Benchmarks 3.4 -- IS Benchmark

 Size:  134217728  (class C)
 Iterations:   10
 Total number of processes:  256

   iteration
        1
        2
        3
        4
        5
        6
        7
        8
        9
        10


 IS Benchmark Completed
 Class           =                        C
 Size            =                134217728
 Iterations      =                       10
 Time in seconds =                     0.30
 Total processes =                      256
 Active processes=                      256
 Mop/s total     =                  4426.54
 Mop/s/process   =                    17.29
 Operation type  =              keys ranked
 Verification    =               SUCCESSFUL
 Version         =                    3.4.4
 Compile date    =              22 Jul 2026

 Compile options:
    MPICC        = mpicc
    CLINK        = $(MPICC)
    CMPI_LIB     = (none)
    CMPI_INC     = (none)
    CFLAGS       = -O3
    CLINKFLAGS   = $(CFLAGS)


 Please send feedbacks and/or the results of this run to:

 NPB Development Team
 npb@nas.nasa.gov


Running BT Class C


 NAS Parallel Benchmarks 3.4 -- BT Benchmark

 No input file inputbt.data. Using compiled defaults
 Size:  162x 162x 162  (class C)
 Iterations:  200    dt:   0.0001000
 Total number of processes:    256

 Time step    1
 Time step   20
 Time step   40
 Time step   60
 Time step   80
 Time step  100
 Time step  120
 Time step  140
 Time step  160
 Time step  180
 Time step  200
 Verification being performed for class C
 accuracy setting for epsilon =  0.1000000000000E-07
 Comparison of RMS-norms of residual
           1 0.6239811655176E+04 0.6239811655176E+04 0.7287837774866E-15
           2 0.5079323919042E+03 0.5079323919042E+03 0.2238227754985E-15
           3 0.1542353009301E+04 0.1542353009301E+04 0.2948399932726E-15
           4 0.1330238792929E+04 0.1330238792929E+04 0.1709269618747E-15
           5 0.1160408742844E+05 0.1160408742844E+05 0.4702625901684E-15
 Comparison of RMS-norms of solution error
           1 0.1646200836909E+03 0.1646200836909E+03 0.8632515788222E-15
           2 0.1149710790382E+02 0.1149710790382E+02 0.1545046679791E-15
           3 0.4120744620746E+02 0.4120744620746E+02 0.8621533256184E-15
           4 0.3708765105969E+02 0.3708765105969E+02 0.1915847230703E-15
           5 0.3621105305184E+03 0.3621105305184E+03 0.1412802795364E-14
 Verification Successful


 BT Benchmark Completed.
 Class           =                        C
 Size            =            162x 162x 162
 Iterations      =                      200
 Time in seconds =                     5.74
 Total processes =                      256
 Active processes=                      256
 Mop/s total     =                499655.46
 Mop/s/process   =                  1951.78
 Operation type  =           floating point
 Verification    =               SUCCESSFUL
 Version         =                    3.4.4
 Compile date    =              22 Jul 2026

 Compile options:
    MPIFC        = mpifort
    FLINK        = $(MPIFC)
    FMPI_LIB     = (none)
    FMPI_INC     = (none)
    FFLAGS       = -O3
    FLINKFLAGS   = $(FFLAGS)
    RAND         = (none)


 Please send feedbacks and/or the results of this run to:

 NPB Development Team 
 Internet: npb@nas.nasa.gov


Running SP Class C


 NAS Parallel Benchmarks 3.4 -- SP Benchmark

 No input file inputsp.data. Using compiled defaults
 Size:  162x 162x 162  (class C)
 Iterations:  400    dt:   0.0006700
 Total number of processes:    256

 Time step    1
 Time step   20
 Time step   40
 Time step   60
 Time step   80
 Time step  100
 Time step  120
 Time step  140
 Time step  160
 Time step  180
 Time step  200
 Time step  220
 Time step  240
 Time step  260
 Time step  280
 Time step  300
 Time step  320
 Time step  340
 Time step  360
 Time step  380
 Time step  400
 Verification being performed for class C
 accuracy setting for epsilon =  0.1000000000000E-07
 Comparison of RMS-norms of residual
           1 0.5881691581829E+03 0.5881691581829E+03 0.7171035102389E-13
           2 0.2454417603569E+03 0.2454417603569E+03 0.4620347428344E-13
           3 0.3293829191851E+03 0.3293829191851E+03 0.3278934320660E-13
           4 0.3081924971891E+03 0.3081924971891E+03 0.1353798999793E-12
           5 0.4597223799176E+03 0.4597223799176E+03 0.3746512388175E-13
 Comparison of RMS-norms of solution error
           1 0.2598120500183E+00 0.2598120500183E+00 0.1495612149596E-13
           2 0.2590888922315E-01 0.2590888922315E-01 0.1696633634219E-12
           3 0.5132886416320E-01 0.5132886416320E-01 0.3906847289379E-13
           4 0.4806073419454E-01 0.4806073419454E-01 0.7652013292566E-14
           5 0.5483377491301E+00 0.5483377491301E+00 0.7207955268328E-13
 Verification Successful


 SP Benchmark Completed.
 Class           =                        C
 Size            =            162x 162x 162
 Iterations      =                      400
 Time in seconds =                     5.52
 Total processes =                      256
 Active processes=                      256
 Mop/s total     =                262654.61
 Mop/s/process   =                  1025.99
 Operation type  =           floating point
 Verification    =               SUCCESSFUL
 Version         =                    3.4.4
 Compile date    =              22 Jul 2026

 Compile options:
    MPIFC        = mpifort
    FLINK        = $(MPIFC)
    FMPI_LIB     = (none)
    FMPI_INC     = (none)
    FFLAGS       = -O3
    FLINKFLAGS   = $(FFLAGS)
    RAND         = (none)


 Please send feedbacks and/or the results of this run to:

 NPB Development Team 
 Internet: npb@nas.nasa.gov


Running LU Class C


 NAS Parallel Benchmarks 3.4 -- LU Benchmark

 Size:  162x 162x 162  (class C)
 Iterations:  250
 Total number of processes:    256

 Time step    1
 Time step   20
 Time step   40
 Time step   60
 Time step   80
 Time step  100
 Time step  120
 Time step  140
 Time step  160
 Time step  180
 Time step  200
 Time step  220
 Time step  240
 Time step  250

 Verification being performed for class C
 Accuracy setting for epsilon =  0.1000000000000E-07
 Comparison of RMS-norms of residual
           1   0.1037669803235E+05 0.1037669803235E+05 0.3505911799446E-15
           2   0.8922124588010E+03 0.8922124588010E+03 0.7645275736749E-15
           3   0.2562388145827E+04 0.2562388145827E+04 0.0000000000000E+00
           4   0.2191943438578E+04 0.2191943438578E+04 0.0000000000000E+00
           5   0.1780780572611E+05 0.1780780572611E+05 0.1225747471546E-14
 Comparison of RMS-norms of solution error
           1   0.2159863997169E+03 0.2159863997169E+03 0.1315902735897E-15
           2   0.1557895592399E+02 0.1557895592399E+02 0.9121827409064E-15
           3   0.5413188630772E+02 0.5413188630772E+02 0.1575136839062E-14
           4   0.4822626431540E+02 0.4822626431540E+02 0.4420056659042E-15
           5   0.4559029100433E+03 0.4559029100433E+03 0.1870247511320E-14
 Comparison of surface integral
               0.6664045535722E+02 0.6664045535722E+02 0.6397399885262E-15
 Verification Successful


 LU Benchmark Completed.
 Class           =                        C
 Size            =            162x 162x 162
 Iterations      =                      250
 Time in seconds =                     3.31
 Total processes =                      256
 Active processes=                      256
 Mop/s total     =                616406.03
 Mop/s/process   =                  2407.84
 Operation type  =           floating point
 Verification    =               SUCCESSFUL
 Version         =                    3.4.4
 Compile date    =              22 Jul 2026

 Compile options:
    MPIFC        = mpifort
    FLINK        = $(MPIFC)
    FMPI_LIB     = (none)
    FMPI_INC     = (none)
    FFLAGS       = -O3
    FLINKFLAGS   = $(FFLAGS)
    RAND         = (none)


 Please send feedbacks and/or the results of this run to:

 NPB Development Team 
 Internet: npb@nas.nasa.gov



========================================
NPB Class C job finished
Finish time: Wed Jul 22 19:03:27 CEST 2026
========================================
