==================================
LULESH OpenMP strong scaling
Job ID: 499263
Node: cpu0613
Slurm tasks: 1
OpenMP threads: 64
Fixed mesh size: 120 x 120 x 120
Working directory: /fshpc/alembhe/ashutoshbenchmarks/LULESH/source
==================================
Running problem size 120^3 per domain until completion
Num processors: 1
Num threads: 64
Total number of elements: 1728000 

To run other sizes, use -s <integer>.
To run a fixed number of iterations, use -i <integer>.
To run a more or less balanced region set, use -b <integer>.
To change the relative costs of regions, use -c <integer>.
To print out progress, use -p
To write an output file for VisIt, use -v
See help (-h) for more options

Run completed:
   Problem size        =  120
   MPI tasks           =  1
   Iteration count     =  100
   Final Origin Energy =  8.465100e+07
   Testing Plane 0 of Energy Array on rank 0:
        MaxAbsDiff   = 7.916242e-09
        TotalAbsDiff = 3.030168e-08
        MaxRelDiff   = 1.224484e-13

Elapsed time         =         18 (s)
Grind time (us/z/c)  = 0.10136665 (per dom)  ( 17.516157 overall)
FOM                  =  9865.1776 (z/s)


OpenMP strong-scaling job finished.
