==================================
LULESH strong scaling
Job ID: 497975
Node(s): cpu0631
MPI ranks: 1
Local mesh size: 120 x 120 x 120
Working directory: /fshpc/alembhe/ashutoshbenchmarks/LULESH/source
==================================
Running problem size 120^3 per domain until completion
Num processors: 1
Total number of elements: 1728000 

To run other sizes, use -s <integer>.
To run a fixed number of iterations, use -i <integer>.
To run a more or less balanced region set, use -b <integer>.
To change the relative costs of regions, use -c <integer>.
To print out progress, use -p
To write an output file for VisIt, use -v
See help (-h) for more options

Run completed:
   Problem size        =  120
   MPI tasks           =  1
   Iteration count     =  100
   Final Origin Energy =  8.465100e+07
   Testing Plane 0 of Energy Array on rank 0:
        MaxAbsDiff   = 7.450581e-09
        TotalAbsDiff = 3.676621e-08
        MaxRelDiff   = 1.250384e-13

Elapsed time         =    1.6e+02 (s)
Grind time (us/z/c)  = 0.91830306 (per dom)  ( 158.68277 overall)
FOM                  =  1088.9651 (z/s)


Strong-scaling job finished.
